[    0.000000] Initializing cgroup subsys cpuset
[    0.000000] Initializing cgroup subsys cpu
[    0.000000] Linux version 3.0.31+ (mueller@OfficePC) (gcc version 4.7.3 20130102 (prerelease) (Linaro GCC 4.7-2013.01-1~dev) ) #1 SMP PREEMPT Mon Apr 22 15:10:36 CEST 2013
[    0.000000] CPU: ARMv7 Processor [412fc09a] revision 10 (ARMv7), cr=10c5387d
[    0.000000] CPU: VIPT nonaliasing data cache, VIPT aliasing instruction cache
[    0.000000] Machine: ARCHOS A80S board
[    0.000000] fixup_archos: 1024M@0x80000000 from bootloader.
[    0.000000] fixup_archos: [mem=512M init=/linuxrc debug omapdss.debug=0 omapfb.debug=0 console=ttyO2,115200n8 mem=512M@0xa0000000]
[    0.000000] Product Name: A80S
[    0.000000] DDR type elpida 1Go
[    0.000000] android_display: setting default resolution 1024*768, bpp=4
[    0.000000] android_display: tiler1d 56623104
[    0.000000] android_display: setting fb0.vram to 9437184
[    0.000000] android_display: setting vram to 9437184
[    0.000000] android_display: ion carveouts: 77594624 tiler2d, 0 nonsecure
[    0.000000] omap4_total_ram_size = 0x20000000
[    0.000000] omap4_smc_size = 0x300000
[    0.000000] omap4_ion_heap_secure_input_size = 0x0
[    0.000000] omap4_ion_heap_secure_output_wfdhdcp_size = 0x0
[    0.000000] omap4_ducati_heap_size = 0x1900000
[    0.000000] omap4_ion_heap_tiler_mem_size = 0x80000
[    0.000000] omap4_ion_heap_nonsec_tiler_mem_size  = 0x80000
[    0.000000]  omap4_smc_addr = 0x9fd00000
[    0.000000] omap4_ion_heap_secure_input_addr = 0x9fd00000
[    0.000000] omap4_ion_heap_secure_output_wfdhdcp_addr = 0x9fd00000
[    0.000000] omap4_ducati_heap_addr = 0x9e700000
[    0.000000] omap4_ion_heap_tiler_mem_addr = 0x9e680000
[    0.000000] omap4_ion_heap_nonsec_tiler_mem_addr  = 0x9e600000
[    0.000000] omap_ion_init: secure_input id=2 [9fd00000-9fd00000] size=0
[    0.000000] omap_ion_init: secure_output_wfdhdcp id=5 [9fd00000-9fd00000] size=0
[    0.000000] omap_ion_init: tiler id=1 [9e680000-9e700000] size=80000
[    0.000000] omap_ion_init: nonsecure_tiler id=3 [9e600000-9e680000] size=80000
[    0.000000] omap_ion_init: system id=0 [0-0] size=0
[    0.000000] omap_ion_init: tiler_reservation id=4 [0-0] size=0
[    0.000000] Archos Console values OMAP_RAM_CONSOLE_START_DEFAULT: 0x90000000 OMAP_RAM_CONSOLE_SIZE_DEFAULT: 0x200000!
[    0.000000] Archos Console values ARCHOS_PHYS_ADDR_OMAP_RAM_CONSOLE: 0x9fc00000 ARCHOS_OMAP_RAM_CONSOLE_SIZE: 0x100000!
[    0.000000] Reserving 10485760 bytes SDRAM for VRAM
[    0.000000] Memory policy: ECC disabled, Data cache writealloc
[    0.000000] OMAP4460 ES1.1
[    0.000000] omap4_check_features: turbo package (01).
[    0.000000] SRAM: Mapped pa 0x40300000 to va 0xfe400000 size: 0xd000
[    0.000000] On node 0 totalpages: 114944
[    0.000000] free_area_init_node: node 0, pgdat c07859a0, node_mem_map c0948000
[    0.000000]   Normal zone: 1536 pages used for memmap
[    0.000000]   Normal zone: 0 pages reserved
[    0.000000]   Normal zone: 113408 pages, LIFO batch:31
[    0.000000]   HighMem zone: 512 pages exceeds realsize 0
[    0.000000] PERCPU: Embedded 7 pages/cpu @c1153000 s6912 r8192 d13568 u32768
[    0.000000] pcpu-alloc: s6912 r8192 d13568 u32768 alloc=8*4096
[    0.000000] pcpu-alloc: [0] 0 [0] 1 
[    0.000000] Built 1 zonelists in Zone order, mobility grouping on.  Total pages: 113408
[    0.000000] Kernel command line: mem=512M init=/linuxrc debug omapdss.debug=0 omapfb.debug=0 console=ttyO2,115200n8 mem=512M@0xa0000000
[    0.000000] PID hash table entries: 2048 (order: 1, 8192 bytes)
[    0.000000] Dentry cache hash table entries: 65536 (order: 6, 262144 bytes)
[    0.000000] Inode-cache hash table entries: 32768 (order: 5, 131072 bytes)
[    0.000000] allocated 4194304 bytes of page_cgroup
[    0.000000] please try 'cgroup_disable=memory' option if you don't want memory cgroups
[    0.000000] Memory: 256MB 218MB 16777191MB = 449MB total
[    0.000000] Memory: 461732k/461732k available, 586844k reserved, 0K highmem
[    0.000000] Virtual kernel memory layout:
[    0.000000]     vector  : 0xffff0000 - 0xffff1000   (   4 kB)
[    0.000000]     fixmap  : 0xfff00000 - 0xfffe0000   ( 896 kB)
[    0.000000]     DMA     : 0xffc00000 - 0xffe00000   (   2 MB)
[    0.000000]     vmalloc : 0xf0800000 - 0xf8000000   ( 120 MB)
[    0.000000]     lowmem  : 0xc0000000 - 0xf0000000   ( 768 MB)
[    0.000000]     pkmap   : 0xbfe00000 - 0xc0000000   (   2 MB)
[    0.000000]     modules : 0xbf000000 - 0xbfe00000   (  14 MB)
[    0.000000]       .init : 0xc0008000 - 0xc0060000   ( 352 kB)
[    0.000000]       .text : 0xc0060000 - 0xc075a000   (7144 kB)
[    0.000000]       .data : 0xc075a000 - 0xc0786500   ( 178 kB)
[    0.000000]        .bss : 0xc07f43d0 - 0xc09472a0   (1356 kB)
[    0.000000] SLUB: Genslabs=13, HWalign=32, Order=0-3, MinObjects=0, CPUs=2, Nodes=1
[    0.000000] Preemptible hierarchical RCU implementation.
[    0.000000] NR_IRQS:410
[    0.000000] omap_hwmod: dpll_mpu_m2_ck: missing clockdomain for dpll_mpu_m2_ck.
[    0.000000] OMAP clockevent source: GPTIMER1 at 32768 Hz
[    0.000000] sched_clock: 32 bits at 32kHz, resolution 30517ns, wraps every 131071999ms
[    0.000000] archos_console_init : serial port UART1, 1000000n8
[    0.000061] Calibrating delay loop... 1990.38 BogoMIPS (lpj=7774208)
[    0.015686] pid_max: default: 32768 minimum: 301
[    0.070678] Mount-cache hash table entries: 512
[    0.070678] Initializing cgroup subsys debug
[    0.071472] Initializing cgroup subsys cpuacct
[    0.071533] Initializing cgroup subsys memory
[    0.071533] Initializing cgroup subsys devices
[    0.071533] Initializing cgroup subsys freezer
[    0.071533] CPU: Testing write buffer coherency: ok
[    0.071807] L310 cache controller enabled
[    0.071960] l2x0: 16 ways, CACHE_ID 0x410000c7, AUX_CTRL 0x5e470000, Cache size: 1048576 B
[    0.150085] CPU1: Booted secondary processor
[    0.220428] Brought up 2 CPUs
[    0.220428] SMP: Total of 2 processors activated (3989.17 BogoMIPS).
[    0.220703] devtmpfs: initialized
[    0.223297] omap_hwmod: _populate_mpu_rt_base found no _mpu_rt_va for emif_fw
[    0.223297] omap_hwmod: _populate_mpu_rt_base found no _mpu_rt_va for l3_instr
[    0.223327] omap_hwmod: _populate_mpu_rt_base found no _mpu_rt_va for l3_main_1
[    0.223327] omap_hwmod: _populate_mpu_rt_base found no _mpu_rt_va for l3_main_2
[    0.223358] omap_hwmod: _populate_mpu_rt_base found no _mpu_rt_va for l4_abe
[    0.223358] omap_hwmod: _populate_mpu_rt_base found no _mpu_rt_va for l4_cfg
[    0.223358] omap_hwmod: _populate_mpu_rt_base found no _mpu_rt_va for l4_per
[    0.223388] omap_hwmod: _populate_mpu_rt_base found no _mpu_rt_va for l4_wkup
[    0.223388] omap_hwmod: _populate_mpu_rt_base found no _mpu_rt_va for mpu_private
[    0.223388] omap_hwmod: _populate_mpu_rt_base found no _mpu_rt_va for sl2if
[    0.223388] omap_hwmod: _populate_mpu_rt_base found no _mpu_rt_va for thermal_sensor
[    0.223510] omap_hwmod: _populate_mpu_rt_base found no _mpu_rt_va for usbhs_ohci
[    0.223510] omap_hwmod: _populate_mpu_rt_base found no _mpu_rt_va for usbhs_ehci
[    0.223510] omap_hwmod: l3_div_ck: missing clockdomain for l3_div_ck.
[    0.223510] omap_hwmod: l4_div_ck: missing clockdomain for l4_div_ck.
[    0.228637] _omap4_module_wait_ready: Timeout waiting for module enable (mcpdm_fck: clkctrl = 0x30002)
[    0.231597] omap_hwmod: mcpdm: cannot be enabled (3)
[    0.233398] android_reboot_reason:y	Œ˙kçi;ë}9Ï,¿\è¿‘D›òD›0¿–¿¥D›ô
[    0.233459] 	offset:a0c size:15
[    0.233917] print_constraints: dummy: 
[    0.234436] NET: Registered protocol family 16
[    0.234436] GPMC revision 6.0
[    0.234710] gpmc_mem_init: cannot add 16777216@00000000
[    0.234710] EMIF0 is enabled with IRQ142
[    0.234710] EMIF1 is enabled with IRQ143
[    0.235809] Last reset was cold reset (PRM_RSTST=0x1)
[    0.235809] 
[    0.236206] OMAP GPIO hardware version 0.1
[    0.236999] omap_mux_init: Add partition: #1: core, flags: 2
[    0.238586] omap_mux_init: Add partition: #2: wkup, flags: 2
[    0.239685] archos_accel_init: irq1 205, irq2 334
[    0.239746] archos_compass_init: irq 211
[    0.239746] Set Backlight value from tag
[    0.240417] archos_touchscreen_tm340_init: irq_gpio 272 - irq 112, pwr_gpio 110
[    0.241882] init_ehci_clock_init: auxclk4_ck now at 12000000
[    0.241912] Enabling aux_clk
[    0.242858] omap_dmm_init
[    0.243011] panel_cpt_xga_8_init
[    0.248992] OMAP DMA hardware revision 0.0
[    0.249481] omap_rproc_get_pool: dsp - no carveout memory is available at all
[    0.249481] omap_rproc_get_pool: ipu - carveout memory is unavailable: 0x0, 0x0
[    0.257568] bio: create slab <bio-0> at 0
[    0.258361] print_constraints: 5V: 5000 mV 
[    0.258361] print_constraints: 1V8: 1800 mV 
[    0.258361] print_constraints: VCC: 3300 mV 
[    0.258361] print_constraints: vbus_musb: 5000 mV 
[    0.259094] print_constraints: vmmc2: 1800 mV 
[    0.259277] print_constraints: vmmc2_aux: 3300 mV 
[    0.259490] print_constraints: TSP_VCC: 3300 mV 
[    0.259674] print_constraints: vwl1271: 1800 mV 
[    0.259674] print_constraints: hdmi_5v: 5000 mV normal 
[    0.259674] print_constraints: hsusb_ext: 5000 mV normal 
[    0.259674] i2c-core: driver [twl] using legacy suspend method
[    0.260345] i2c-core: driver [twl] using legacy resume method
[    0.260345] SCSI subsystem initialized
[    0.261322] usbcore: registered new interface driver usbfs
[    0.261627] usbcore: registered new interface driver hub
[    0.261810] usbcore: registered new device driver usb
[    0.262634] omap_i2c omap_i2c.1: bus 1 rev4.0 at 400 kHz
[    0.262664] Skipping twl internal clock init and using bootloader value (unknown osc rate)
[    0.263671] twl 1-0048: start condition : 01
[    0.267181] twl6030: PIH (irq 39) chaining IRQs 368..387
[    0.269714] print_constraints: VUSB: 3300 mV normal standby
[    0.272277] archos_twl6030_usb_xceiv archos_twl6030_usb_xceiv: Initialized Archos TWL6030 USB module
[    0.272644] STATE_UNKNOWN -> STATE_NONE
[    0.273040] print_constraints: VMMC: 1200 <--> 3000 mV at 1800 mV normal standby
[    0.273925] print_constraints: VPP: 1800 <--> 2500 mV at 1900 mV normal standby
[    0.274810] print_constraints: VCXIO: 1800 mV normal standby
[    0.276123] print_constraints: VDAC: 1800 mV normal standby
[    0.276794] print_constraints: VAUX2_6030: 2800 mV normal standby
[    0.277587] print_constraints: VAUX3_6030: 1000 <--> 3300 mV at 1200 mV normal standby
[    0.278747] print_constraints: VANA: 2100 mV normal standby
[    0.279541] print_constraints: CLK32KG: 
[    0.280181] print_constraints: CLK32KAUDIO: 
[    0.280609] omap_i2c omap_i2c.2: bus 2 rev4.0 at 100 kHz
[    0.280853] omap_i2c omap_i2c.3: bus 3 rev4.0 at 100 kHz
[    0.281219] omap_i2c omap_i2c.4: bus 4 rev4.0 at 400 kHz
[    0.281463] omap-rproc omap-rproc.0: dsp is available
[    0.281951] omap-rproc omap-rproc.1: ipu is available
[    0.281951] Advanced Linux Sound Architecture Driver Version 1.0.24.
[    0.282104] Switching to clocksource 32k_counter
[    0.284851] musb-hdrc: version 6.0, musb-dma, otg (peripheral+host)
[    0.285125] musb-hdrc: ConfigData=0xde (UTMI-8, dyn FIFOs, bulk combine, bulk split, HB-ISO Rx, HB-ISO Tx, SoftConn)
[    0.285156] musb-hdrc: MHDRC RTL version 2.0 
[    0.285156] musb-hdrc: setup fifo_mode 4
[    0.285186] musb-hdrc: 28/31 max ep, 16384/16384 memory
[    0.285186] musb-hdrc musb-hdrc: USB OTG mode controller at fc0ab000 using DMA, IRQ 124
[    0.285766] NET: Registered protocol family 2
[    0.285766] IP route cache hash table entries: 4096 (order: 2, 16384 bytes)
[    0.285766] TCP established hash table entries: 16384 (order: 5, 131072 bytes)
[    0.286987] TCP bind hash table entries: 16384 (order: 6, 393216 bytes)
[    0.286987] TCP: Hash tables configured (established 16384 bind 16384)
[    0.286987] TCP reno registered
[    0.287597] UDP hash table entries: 256 (order: 2, 16384 bytes)
[    0.287597] UDP-Lite hash table entries: 256 (order: 2, 16384 bytes)
[    0.288116] NET: Registered protocol family 1
[    0.288482] RPC: Registered named UNIX socket transport module.
[    0.288482] RPC: Registered udp transport module.
[    0.288513] RPC: Registered tcp transport module.
[    0.288513] RPC: Registered tcp NFSv4.1 backchannel transport module.
[    0.290740] Switched to NOHz mode on CPU #1
[    0.290740] Switched to NOHz mode on CPU #0
[    0.775177] omap_init_opp_table: no hwmod or odev for hsi, [22] cannot add OPPs.
[    0.775177] omap_init_opp_table: no hwmod or odev for hsi, [23] cannot add OPPs.
[    1.369628] panel_init:93
[    1.371307] archos_camera_glue archos_camera_glue: no cam_1v8 rail, skip.
[    1.481292] archos_usb_3g archos_usb_3g: Unable to get "3g_hub" regulator
[    1.481445] ram_console: got buffer at 90000000, size 200000
[    1.481445] ram_console: uncorrectable error in header
[    1.482391] ram_console: no valid data in buffer (sig = 0xaa8a22aa)
[    1.504394] console [ram-1] enabled
[    1.505004] omap-iommu omap-iommu.0: ducati registered
[    1.505004] omap-iommu omap-iommu.1: tesla registered
[    1.510589] ashmem: initialized
[    1.517333] squashfs: version 4.0 (2009/01/31) Phillip Lougher
[    1.518005] NTFS driver 2.1.30 [Flags: R/O].
[    1.518005] fuse init (API version 7.16)
[    1.518005] msgmni has been set to 901
[    1.521789] io scheduler noop registered
[    1.521820] io scheduler deadline registered (default)
[    1.521820] start plist test
[    1.521820] end plist test
[    1.527160] OMAP DSS rev 4.0
[    1.529724] Keyboard driver not present
[    1.530090] dsscomp: initializing.
[    1.530548] misc dsscomp: display0=generic_dpi_panel
[    1.530548] misc dsscomp: display1=hdmi_panel
[    1.530883] misc dsscomp: found 2 displays and 4 overlays, WB overlay 1
[    1.530883] tiler1d_slot_size: Returning pdata->tiler1d_slotsz: 28311552
[    1.530883] dsscomp_queue_init:
[    1.531616] tiler1d_slot_size: Returning pdata->tiler1d_slotsz: 28311552
[    1.531616] tiler_alloc_block_area: Tiler FMT: 3, Width: 28311552, Height: 1
[    1.531890] tiler_alloc_block_area: tiler_alloc_block_area: Tilerdev class is not yet initialized...
[    1.532287] could not allocate slot
[    1.532623] omap-rproc omap-rproc.1: powering up ipu
[    1.533355] virtio_rpmsg_bus virtio0: rpmsg backend virtproc probed successfully
[    1.534027] virtio_rpmsg_bus virtio1: rpmsg backend virtproc probed successfully
[    1.534027] omap_uart.0: ttyO0 at MMIO 0x4806a000 (irq = 104) is a OMAP UART0
[    1.535217] omap_uart.1: ttyO1 at MMIO 0x4806c000 (irq = 105) is a OMAP UART1
[    1.535766] omap_uart.2: ttyO2 at MMIO 0x48020000 (irq = 106) is a OMAP UART2
[    2.961578] console [ttyO2] enabled
[    2.965972] omap_ion_probe: adding heap secure_input of type 2 with 9fd00000@0
[    2.974212] omap_ion_probe: adding heap secure_output_wfdhdcp of type 2 with 9fd00000@0
[    2.983276] omap_ion_probe: adding heap tiler of type 4 with 9e680000@80000
[    2.991088] omap_ion_probe: adding heap nonsecure_tiler of type 4 with 9e600000@80000
[    2.999816] omap_ion_probe: adding heap system of type 0 with 0@0
[    3.006713] omap_ion_probe: adding heap tiler_reservation of type 5 with 0@0
[    3.017395] brd: module loaded
[    3.025177] loop: module loaded
[    3.025177] (stk) :kim Driver for TI WiLink
[    3.035949] (stk) :>>kim_probe
[    3.036041] (stk) :...platform's sure about existence of 1 device
[    3.046508] (stk) :sysfs entries created
[    3.051300] (stk) : debugfs entries created 
[    3.064605] PPP generic driver version 2.4.2
[    3.064605] PPP Deflate Compression module registered
[    3.076202] PPP BSD Compression module registered
[    3.082244] PPP MPPE Compression module registered
[    3.087707] NET: Registered protocol family 24
[    3.094238] tun: Universal TUN/TAP device driver, 1.6
[    3.099975] tun: (C) 1999-2004 Max Krasnyansky <maxk@qualcomm.com>
[    3.104522] rtl8150: v0.6.2 (2004/08/27):rtl8150 based usb-ethernet driver
[    3.114868] usbcore: registered new interface driver rtl8150
[    3.121276] usbcore: registered new interface driver asix
[    3.126739] usbcore: registered new interface driver cdc_ether
[    3.133972] usbcore: registered new interface driver dm9601
[    3.140319] usbcore: registered new interface driver smsc75xx
[    3.140319] usbcore: registered new interface driver smsc95xx
[    3.153411] usbcore: registered new interface driver net1080
[    3.159759] usbcore: registered new interface driver cdc_subset
[    3.166473] usbcore: registered new interface driver zaurus
[    3.172698] usbcore: registered new interface driver MOSCHIP usb-ethernet driver
[    3.172698] usbcore: registered new interface driver int51x1
[    3.187408] usbcore: registered new interface driver zd1201
[    3.193786] ehci_hcd: USB 2.0 'Enhanced' Host Controller (EHCI) Driver
[    3.201263] Failed: change interconnect bandwidth to 166000000
[    3.207855] ehci-omap ehci-omap.0: OMAP-EHCI Host Controller
[    3.214294] ehci-omap ehci-omap.0: new USB bus registered, assigned bus number 1
[    3.222564] ehci-omap ehci-omap.0: irq 109, io mem 0x4a064c00
[    3.258728] ehci-omap ehci-omap.0: USB 2.0 started, EHCI 1.00
[    3.265258] usb usb1: New USB device found, idVendor=1d6b, idProduct=0002
[    3.272888] usb usb1: New USB device strings: Mfr=3, Product=2, SerialNumber=1
[    3.272888] usb usb1: Product: OMAP-EHCI Host Controller
[    3.286865] usb usb1: Manufacturer: Linux 3.0.31+ ehci_hcd
[    3.292968] usb usb1: SerialNumber: ehci-omap.0
[    3.298095] hub 1-0:1.0: USB hub found
[    3.302856] hub 1-0:1.0: 3 ports detected
[    3.338012] usbcore: registered new interface driver cdc_acm
[    3.338012] cdc_acm: USB Abstract Control Model driver for USB modems and ISDN adapters
[    3.353240] Initializing USB Mass Storage driver...
[    3.358886] usbcore: registered new interface driver usb-storage
[    3.358886] USB Mass Storage support registered.
[    3.370788] usbcore: registered new interface driver libusual
[    3.377380] jm20329_platform_init: no device configuration for system_rev 5
[    3.385375] usbcore: registered new interface driver usbserial
[    3.385375] usbserial: USB Serial Driver core
[    3.398437] android_usb gadget: Mass Storage Function, version: 2009/09/11
[    3.398437] android_usb gadget: Number of LUNs=1
[    3.411437]  lun0: LUN: removable file: (no medium)
[    3.417236] android_usb gadget: android_usb ready
[    3.417236] musb-hdrc musb-hdrc: MUSB HDRC host driver
[    3.428314] musb-hdrc musb-hdrc: new USB bus registered, assigned bus number 2
[    3.436492] usb usb2: New USB device found, idVendor=1d6b, idProduct=0002
[    3.444030] usb usb2: New USB device strings: Mfr=3, Product=2, SerialNumber=1
[    3.444030] usb usb2: Product: MUSB HDRC host driver
[    3.457733] usb usb2: Manufacturer: Linux 3.0.31+ musb-hcd
[    3.463836] usb usb2: SerialNumber: musb-hdrc
[    3.463836] hub 2-0:1.0: USB hub found
[    3.473449] hub 2-0:1.0: 1 port detected
[    3.478302] mousedev: PS/2 mouse device common for all mice
[    3.485290] input: gpio-keys as /devices/platform/gpio-keys/input/input0
[    3.485290] usbcore: registered new interface driver xpad
[    3.499450] twl6030_pwrbutton_probe: Enter
[    3.504638] input: twl6030_pwrbutton as /devices/platform/omap/omap_i2c.1/i2c-1/1-0049/twl6030_pwrbutton/input/input1
[    3.518798] Found MMA8453Q accelerometer with ID 0x3A
[    3.529815] input: MMA8453Q Accelerometer as /devices/virtual/input/input2
[    3.537902] i2c-core: driver [mma8453q] using legacy suspend method
[    3.544952] i2c-core: driver [mma8453q] using legacy resume method
[    3.551818] MMA8453Q driver version 0.1 (1 April 2011)
[    3.557617] AKM8975 compass driver: initialize
[    3.563446] input: compass as /devices/virtual/input/input3
[    3.570007] i2c-core: driver [akm8975] using legacy suspend method
[    3.576965] i2c-core: driver [akm8975] using legacy resume method
[    3.587219] using rtc device, twl_rtc, for alarms
[    3.592712] twl_rtc twl_rtc: rtc core: registered twl_rtc as rtc0
[    3.599975] i2c /dev entries driver
[    3.604034] lirc_dev: IR Remote Control driver registered, major 250 
[    3.611816] IR NEC protocol handler initialized
[    3.611846] IR RC5(x) protocol handler initialized
[    3.622283] IR RC6 protocol handler initialized
[    3.627441] IR JVC protocol handler initialized
[    3.627441] IR Sony protocol handler initialized
[    3.637634] IR RC5 (streamzap) protocol handler initialized
[    3.637634] IR LIRC bridge handler initialized
[    3.637634] Linux video capture interface: v2.00
[    3.654235] dmm: probe base: fd300000, irq 145
[    3.659210] tiler_init
[    3.659210] Backtrace: 
[    3.659210] [<c006a358>] (dump_backtrace+0x0/0x130) from [<c05a224c>] (dump_stack+0x18/0x1c)
[    3.659210]  r7:00000000 r6:c05cd8d0 r5:c0048b7c r4:c083b658
[    3.680969] [<c05a2234>] (dump_stack+0x0/0x1c) from [<c0039a64>] (tiler_init+0x40/0x630)
[    3.689971] [<c0039a24>] (tiler_init+0x0/0x630) from [<c0060730>] (do_one_initcall+0xac/0x1a8)
[    3.699584] [<c0060684>] (do_one_initcall+0x0/0x1a8) from [<c0008bb0>] (kernel_init+0xe0/0x1a0)
[    3.709320] [<c0008ad0>] (kernel_init+0x0/0x1a0) from [<c00b6fc4>] (do_exit+0x0/0x688)
[    3.718170]  r6:c00b6fc4 r5:c0008ad0 r4:00000000 r3:00000000
[    3.726562] class_create(): points to: dd658f80
[    3.726562] omap_imt_init
[    3.970611] twl6030_bci twl6030_bci: Battery Voltage at Bootup is 4169 mV
[    3.978546] twl6030_bci twl6030_bci: Read 1 as cin_limit, set current to 100
[    3.994201] OMAP Watchdog Timer Rev 0x01: initial timeout 60 sec
[    4.000946] device-mapper: uevent: version 1.0.3
[    4.007995] device-mapper: ioctl: 4.20.0-ioctl (2011-02-02) initialised: dm-devel@redhat.com
[    4.017700] cpuidle: using governor ladder
[    4.022308] cpuidle: using governor menu
[    4.032409] Registered led device: power
[    4.037261] omap_pwm_led omap_pwm_led.0: OMAP PWM LED (lcd-backlight) at GP timer 8/0
[    4.046264] Registered led device: lcd-backlight
[    4.055297] usbcore: registered new interface driver usbhid
[    4.061492] usbhid: USB HID core driver
[    4.066314] logger: created 256K log 'log_main'
[    4.072570] logger: created 256K log 'log_events'
[    4.079986] logger: created 256K log 'log_radio'
[    4.085388] logger: created 256K log 'log_system'
[    4.093383] thermal_sensor_set_temp: no cooling agents for domain cpu
[    4.101654] omap_report_temp:thermal_sensor_set_temp reports error
[    4.110839] omap_temp_sensor omap_temp_sensor.0: omap_ondie_sensor : 'omap_temp_sensor'
[    4.110839] thermal_sensor_set_temp: no cooling agents for domain cpu
[    4.127166] OMAPRPC: Registration of OMAPRPC rpmsg service returned 0!
[    4.135467] usbcore: registered new interface driver snd-usb-audio
[    4.144775] archos_omap4_soc_probe: Archos Device SoC init
[    4.155456] twl6040-codec twl6040-codec: couldn't get VDDHF regulator -19
[    4.173889] mmc0: new high speed MMC card at address 0001
[    4.180236] mmcblk0: mmc0:0001 MMC16G 14.3 GiB 
[    4.185577] mmcblk0boot0: mmc0:0001 MMC16G partition 1 128 KiB
[    4.192230] mmcblk0boot1: mmc0:0001 MMC16G partition 2 128 KiB
[    4.200317]  mmcblk0: p1 p2 p3 p4
[    4.209442]  mmcblk0boot1: unknown partition table
[    4.216735]  mmcblk0boot0: unknown partition table
[    4.217773] asoc: null-codec-dai <-> MultiMedia1 mapping ok
[    4.229125] asoc: null-codec-dai <-> MultiMedia2 mapping ok
[    4.237243] asoc: null-codec-dai <-> Voice mapping ok
[    4.244110] asoc: null-codec-dai <-> Tones mapping ok
[    4.250946] asoc: null-codec-dai <-> Vibra mapping ok
[    4.257354] asoc: null-codec-dai <-> MODEM mapping ok
[    4.263732] asoc: null-codec-dai <-> MultiMedia1 LP mapping ok
[    4.271850] asoc: FM Digital <-> omap-mcbsp-dai.1 mapping ok
[    4.279388] asoc: twl6040-dl1 <-> mcpdm-dl mapping ok
[    4.286895] asoc: dmic-hifi <-> omap-dmic-dai-0 mapping ok
[    4.294860] twl6040-codec twl6040-codec: ASoC: Failed to create Aux/FM Stereo In debugfs file
[    4.305114] asoc: twl6040-dl1 <-> mcpdm-dl1 mapping ok
[    4.311676] asoc: twl6040-ul <-> mcpdm-ul1 mapping ok
[    4.318084] asoc: twl6040-dl2 <-> mcpdm-dl2 mapping ok
[    4.324645] asoc: twl6040-vib <-> mcpdm-vib mapping ok
[    4.331146] asoc: Bluetooth <-> omap-mcbsp-dai.0 mapping ok
[    4.338226] asoc: Bluetooth <-> omap-mcbsp-dai.0 mapping ok
[    4.345214] asoc: FM Digital <-> omap-mcbsp-dai.1 mapping ok
[    4.352416] asoc: MODEM <-> omap-mcbsp-dai.1 mapping ok
[    4.358978] asoc: dmic-hifi <-> omap-dmic-abe-dai-0 mapping ok
[    4.366302] asoc: dmic-hifi <-> omap-dmic-abe-dai-1 mapping ok
[    4.373535] asoc: dmic-hifi <-> omap-dmic-abe-dai-2 mapping ok
[    4.382446] input: ARCHOS-TWL6040 Headset Jack as /devices/platform/soc-audio/sound/card0/input4
[    4.395599] asoc: hdmi-audio-codec <-> hdmi-audio-dai mapping ok
[    4.402832] ALSA device list:
[    4.406188]   #0: Archos Board (TWL6040)
[    4.410644]   #1: OMAP4HDMI
[    4.413909] GACT probability NOT on
[    4.417846] Mirror/redirect action on
[    4.421936] u32 classifier
[    4.425048]     Actions configured
[    4.428863] Netfilter messages via NETLINK v0.30.
[    4.434173] nf_conntrack version 0.5.0 (7214 buckets, 28856 max)
[    4.441955] ctnetlink v0.93: registering with nfnetlink.
[    4.447937] NF_TPROXY: Transparent proxy support initialized, version 4.1.0
[    4.455749] NF_TPROXY: Copyright (c) 2006-2007 BalaBit IT Ltd.
[    4.462615] xt_time: kernel timezone is -0000
[    4.469360] ip_tables: (C) 2000-2006 Netfilter Core Team
[    4.475524] arp_tables: (C) 2002 David S. Miller
[    4.480804] TCP cubic registered
[    4.485168] NET: Registered protocol family 10
[    4.495056] Mobile IPv6
[    4.497863] mmc1: host does not support reading read-only switch. assuming write-enable.
[    4.497863] ip6_tables: (C) 2000-2006 Netfilter Core Team
[    4.498077] IPv6 over IPv4 tunneling driver
[    4.502990] NET: Registered protocol family 17
[    4.503021] NET: Registered protocol family 15
[    4.503051] NET: Registered protocol family 35
[    4.503326] VFP support v0.3: implementor 41 architecture 3 part 30 variant 9 rev 4
[    4.540954] ThumbEE CPU extension supported.
[    4.545715] Registering SWP/SWPB emulation handler
[    4.556488] mmc1: new high speed SDHC card at address 0007
[    4.557617] Reprogramming LPDDR2 timings to 400000000 Hz
[    4.568572] sr_init: No PMIC hook to init smartreflex
[    4.568786] mmcblk1: mmc1:0007 SD16G 14.4 GiB 
[    4.579254] smartreflex smartreflex.0: omap_sr_probe: SmartReflex driver initialized
[    4.587799]  mmcblk1: p1
[    4.587890] smartreflex smartreflex.1: omap_sr_probe: SmartReflex driver initialized
[    4.588043] smartreflex smartreflex.2: omap_sr_probe: SmartReflex driver initialized
[    4.607757] SmartReflex class 1.5 driver: initialized (86400000ms)
[    4.615234] thermal_lookup_temp: pcb is a non existing domain
[    4.621643] omap_cpu_thermal_manager:sensor 42400 avg sensor 0 pcb 
[    4.628417] 0, delta 5454 hot spot 47854
[    4.633026] omap_cpu_thermal_manager: hot spot temp 47854 - going into safe zone
[    4.641265] sr_class1p5_calib_work: mpu: Calibration complete: Voltage Nominal=1380000Calib=1160000 margin=0
[    4.652038] thermal_lookup_temp: pcb is a non existing domain
[    4.658599] sr_class1p5_calib_work: core: Calibration complete: Voltage Nominal=1127000Calib=1050820 margin=13000
[    4.669891] thermal_lookup_temp: pcb is a non existing domain
[    4.676239] thermal_lookup_temp: pcb is a non existing domain
[    4.682647] Power Management for TI OMAP4.
[    4.687377] OMAP4 PM: Static dependency added between MPUSS and DUCATI <-> L4_PER/CFG and L3_1.
[    4.704498] clock: disabling unused clocks to save power
[    4.740417] mmc2: card claims to support voltages below the defined range. These will be ignored.
[    4.777069] mmc2: queuing unknown CIS tuple 0x91 (3 bytes)
[    4.784973] mmc2: new SDIO card at address 0001
[    4.790893] sr_class1p5_calib_work: iva Stop sampling: Voltage Nominal=950000 samples=4
[    4.800384] sr_class1p5_calib_work: iva: Calibration complete: Voltage Nominal=950000Calib=860920 margin=13000
[    4.873474] omapfb_calc_addr:892
[    4.877349] data_start_v=0xf2000000
[    4.881225] rotation_type=0
[    4.885009] sr_class1p5_calib_work: core Stop sampling: Voltage Nominal=962000 samples=48
[    4.894897] cannot apply mgr(lcd) on inactive device
[    4.901123] sr_class1p5_calib_work: core: Calibration complete: Voltage Nominal=962000Calib=886240 margin=38000
[    4.913024] omapfb omapfb: failed to apply dispc config
[    4.919311] cannot apply mgr(tv) on inactive device
[    4.925231] sr_class1p5_calib_work: mpu Stop sampling: Voltage Nominal=1025000 samples=54
[    4.934753] omapfb omapfb: failed to apply dispc config
[    4.941253] sr_class1p5_calib_work: mpu: Calibration complete: Voltage Nominal=1025000Calib=840000 margin=10000
[    4.953063] cannot apply mgr(lcd2) on inactive device
[    4.959106] omapfb omapfb: failed to apply dispc config
[    4.969207] panel_enable [xga8]
[    5.087768] thermal_lookup_temp: pcb is a non existing domain
[    5.094329] thermal_lookup_temp: pcb is a non existing domain
[    5.101104] thermal_lookup_temp: pcb is a non existing domain
[    5.108215] omapfb_calc_addr:892
[    5.111846] data_start_v=0xf2000000
[    5.115509] rotation_type=0
[    5.120483] twl_rtc twl_rtc: setting system clock to 2013-04-22 13:38:57 UTC (1366637937)
[    5.130126] Root-NFS: no NFS server address
[    5.134704] VFS: Unable to mount root fs via NFS, trying floppy.
[    5.141571] VFS: Cannot open root device "(null)" or unknown-block(2,0)
[    5.148803] Please append a correct "root=" boot option; here are the available partitions:
[    5.157958] b300        15089664 mmcblk0 
[    5.158020] sr_class1p5_calib_work: mpu: Calibration complete: Voltage Nominal=1390000Calib=1290000 margin=0
[    5.173126]  driver: mmcblk
[    5.176269]   b301           51200 mmcblk0p1 00000000-0000-0000-0000-000000000000
[    5.184478]   b302          292991 mmcblk0p2 00000000-0000-0000-0000-000000000000
[    5.192749]   b303            7840 mmcblk0p3 00000000-0000-0000-0000-000000000000
[    5.201019]   b304        14737504 mmcblk0p4 00000000-0000-0000-0000-000000000000
[    5.209228] b310             128 mmcblk0boot1  (driver?)
[    5.215179] b308             128 mmcblk0boot0  (driver?)
[    5.221038] b318        15110144 mmcblk1  driver: mmcblk
[    5.226959]   b319        15106048 mmcblk1p1 00000000-0000-0000-0000-000000000000
[    5.235168] Kernel panic - not syncing: VFS: Unable to mount root fs on unknown-block(2,0)
[    5.244232] Backtrace: 
[    5.246978] [<c006a358>] (dump_backtrace+0x0/0x130) from [<c05a224c>] (dump_stack+0x18/0x1c)
[    5.256225]  r7:dce98000 r6:c0060000 r5:c0060000 r4:c07f7aac
[    5.262725] [<c05a2234>] (dump_stack+0x0/0x1c) from [<c05a27b4>] (panic+0x8c/0x1f0)
[    5.271057] [<c05a2728>] (panic+0x0/0x1f0) from [<c0009104>] (mount_block_root+0x230/0x284)
[    5.280181]  r3:00000000 r2:00000000 r1:dd441f28 r0:c06b015e
[    5.286621]  r7:dce98000
[    5.289520] [<c0008ed4>] (mount_block_root+0x0/0x284) from [<c0009364>] (mount_root+0x118/0x140)
[    5.299102] [<c000924c>] (mount_root+0x0/0x140) from [<c0009540>] (prepare_namespace+0x1b4/0x238)
[    5.308776] [<c000938c>] (prepare_namespace+0x0/0x238) from [<c0008c34>] (kernel_init+0x164/0x1a0)
[    5.318572]  r6:c0048434 r5:c0048f5c r4:c07f43e0
[    5.323822] [<c0008ad0>] (kernel_init+0x0/0x1a0) from [<c00b6fc4>] (do_exit+0x0/0x688)
[    5.332489]  r6:c00b6fc4 r5:c0008ad0 r4:00000000 r3:00000000
[    5.338989] CPU1: stopping
[    5.341949] Backtrace: 
[    5.344726] [<c006a358>] (dump_backtrace+0x0/0x130) from [<c05a224c>] (dump_stack+0x18/0x1c)
[    5.353942]  r7:c076c5c0 r6:00000000 r5:c077381c r4:00000001
[    5.360382] [<c05a2234>] (dump_stack+0x0/0x1c) from [<c006040c>] (do_IPI+0xf4/0x1e4)
[    5.368835] [<c0060318>] (do_IPI+0x0/0x1e4) from [<c0065d48>] (__irq_svc+0x48/0xe0)
[    5.377197] Exception stack(0xdd461f10 to 0xdd461f58)
[    5.382720] 1f00:                                     dd461f58 00000000 3e206f15 00000001
[    5.391662] 1f20: 34e787fb 00000001 c115b100 c0060000 600001d3 412fc09a 00000000 dd461f8c
[    5.400604] 1f40: c075c0c0 dd461f58 c00d8024 c0081158 60000113 ffffffff
[    5.407806] [<c0081114>] (omap4_enter_idle_wfi+0x0/0xbc) from [<c03e5d40>] (cpuidle_idle_call+0xcc/0x12c)
[    5.418243]  r8:600001d3 r7:dd460000 r6:c115b110 r5:c115b100 r4:c083c56c
[    5.425903] [<c03e5c74>] (cpuidle_idle_call+0x0/0x12c) from [<c0067878>] (cpu_idle+0xd4/0x144)
[    5.435241]  r7:c06b0b92 r6:c07f44a4 r5:c0060000 r4:dd460000
[    5.441741] [<c00677a4>] (cpu_idle+0x0/0x144) from [<c059f16c>] (secondary_start_kernel+0x124/0x148)
[    5.451690]  r7:c0060000 r6:dd460000 r5:00000001 r4:c07c64e0
[    5.458099] [<c059f048>] (secondary_start_kernel+0x0/0x148) from [<8059e9f4>] (0x8059e9f4)
[    5.467132]  r8:8000406a r7:c07f45c0 r6:10c0387d r5:00000015 r4:9d46406a
[    5.474517] r3:c059e9dc
&Î÷&÷L¯[   10.380310] init: Try to execute command 'chown' with params 'system' 'cache' '/data/cache'.
[   10.389373] init: command 'chown' r=0
[   10.393615] init: Try to execute command 'chmod' with params '0771' '/data/cache'.
[   10.401763] init: command 'chmod' r=0
[   10.406066] init: command 'mkdir' r=0
[   10.410095] init: Try to execute command 'chown' with params 'system' 'system' '/data/resource-cache'.
[   10.420104] init: command 'chown' r=0
[   10.424407] init: Try to execute command 'chmod' with params '0771' '/data/resource-cache'.
[   10.433349] init: command 'chmod' r=0
[   10.437713] init: command 'mkdir' r=0
[   10.441772] init: command 'mkdir' r=0
[   10.445800] init: Try to execute command 'copy' with params '/system/etc/wifi/softap/hostapd.conf' '/data/misc/wifi/hostapd.conf'.
[   10.459838] init: command 'copy' r=-1
[   10.464141] init: Try to execute command 'chown' with params 'system' 'system' '/sys/class/android_usb/android0/f_mass_storage/lun/file'.
[   10.477569] init: command 'chown' r=0
[   10.481842] init: Try to execute command 'chmod' with params '0660' '/sys/class/android_usb/android0/f_mass_storage/lun/file'.
[   10.494171] init: command 'chmod' r=0
[   10.498443] init: Try to execute command 'chown' with params 'system' 'system' '/sys/class/android_usb/android0/f_rndis/ethaddr'.
[   10.511016] init: command 'chown' r=0
[   10.513000] thermal_lookup_temp: pcb is a non existing domain
[   10.513031] thermal_lookup_temp: pcb is a non existing domain
[   10.513031] thermal_lookup_temp: pcb is a non existing domain
[   10.534118] init: Try to execute command 'chmod' with params '0660' '/sys/class/android_usb/android0/f_rndis/ethaddr'.
[   10.545654] init: command 'chmod' r=0
[   10.549926] init: Try to execute command 'insmod' with params '/lib/modules/fuse.ko'.
[   10.558288] init: command 'insmod' r=-1
[   10.562774] init: Try to execute command 'class_start' with params 'late_start'.
[   10.570709] init: starting 'sdcard'
[   10.575012] init: command 'class_start' r=0
[   10.575103] init: No dynamic_args: Try to execve('/system/bin/sdcard'): args: ›Ò
[   10.587799] init: processing action 0x3bcb0 (post-fs-data)
[   10.593872] init: command 'mkdir' r=0
[   10.597930] init: command 'mkdir' r=0
[   10.601989] init: processing action 0x3e108 (post-fs-data)
[   10.608001] init: Try to execute command 'insmod' with params '/system/lib/modules/usb_wwan.ko'.
[   10.620605] usb_wwan: version magic '3.0.21+ SMP preempt mod_unload ARMv7 ' should be '3.0.31+ SMP preempt mod_unload ARMv7 '
[   10.633178] init: command 'insmod' r=-1
[   10.637390] init: Try to execute command 'insmod' with params '/system/lib/modules/option.ko'.
[   10.651763] option: version magic '3.0.21+ SMP preempt mod_unload ARMv7 ' should be '3.0.31+ SMP preempt mod_unload ARMv7 '
[   10.664123] init: command 'insmod' r=-1
[   10.668334] init: Try to execute command 'insmod' with params '/system/lib/modules/hso.ko'.
[   10.679656] hso: version magic '3.0.21+ SMP preempt mod_unload ARMv7 ' should be '3.0.31+ SMP preempt mod_unload ARMv7 '
[   10.691741] init: command 'insmod' r=-1
[   10.695983] init: processing action 0x41d68 (property_service_init)
[   10.702850] init: Try to execute command 'property_service_init'.
[   10.742034] init: Created socket '/dev/socket/property_service' with mode '666', user '0', group '0'
[   10.752258] init: command 'property_service_init' r=0
[   10.757843] init: processing action 0x41db0 (signal_init)
[   10.763763] init: Try to execute command 'signal_init'.
[   10.769378] init: waitpid returned pid 204, status = 00000009
[   10.775909] init: untracked pid 204 exited
[   10.780456] init: command 'signal_init' r=0
[   10.785034] init: processing action 0x41df8 (check_startup)
[   10.791137] init: Try to execute command 'check_startup'.
[   10.796936] init: command 'check_startup' r=0
[   10.801940] init: processing action 0x3bd40 (early-boot)
[   10.807891] init: command 'mkdir' r=0
[   10.811981] init: command 'mkdir' r=0
[   10.816009] init: Try to execute command 'insmod' with params '/system/lib/modules/compat.ko'.
[   10.831024] omap-rproc omap-rproc.1: rproc_loader_cont: failed to load ducati-m3.512MB.bin
[   10.878387] compat: version magic '3.0.21+ SMP preempt mod_unload ARMv7 ' should be '3.0.31+ SMP preempt mod_unload ARMv7 '
[   10.891296] init: command 'insmod' r=-1
[   10.895507] init: Try to execute command 'insmod' with params '/system/lib/modules/cfg80211.ko'.
[   11.036743] cfg80211: version magic '3.0.21+ SMP preempt mod_unload ARMv7 ' should be '3.0.31+ SMP preempt mod_unload ARMv7 '
[   11.050994] init: command 'insmod' r=-1
[   11.055236] init: Try to execute command 'insmod' with params '/system/lib/modules/mac80211.ko'.
[   11.513641] thermal_lookup_temp: pcb is a non existing domain
[   11.520202] thermal_lookup_temp: pcb is a non existing domain
[   11.526489] thermal_lookup_temp: pcb is a non existing domain
[   12.002197] mac80211: version magic '3.0.21+ SMP preempt mod_unload ARMv7 ' should be '3.0.31+ SMP preempt mod_unload ARMv7 '
[   12.025238] init: command 'insmod' r=-1
[   12.029754] init: Try to execute command 'insmod' with params '/system/lib/modules/wlcore.ko' 'debug_level=0x63c00'.
[   12.528717] thermal_lookup_temp: pcb is a non existing domain
[   12.535766] thermal_lookup_temp: pcb is a non existing domain
[   12.542663] thermal_lookup_temp: pcb is a non existing domain
[   12.684204] wlcore: version magic '3.0.21+ SMP preempt mod_unload ARMv7 ' should be '3.0.31+ SMP preempt mod_unload ARMv7 '
[   12.699005] init: command 'insmod' r=-1
[   12.703430] init: Try to execute command 'insmod' with params '/system/lib/modules/wl12xx.ko'.
[   12.753448] wl12xx: version magic '3.0.21+ SMP preempt mod_unload ARMv7 ' should be '3.0.31+ SMP preempt mod_unload ARMv7 '
[   12.767486] init: command 'insmod' r=-1
[   12.771789] init: Try to execute command 'insmod' with params '/system/lib/modules/compat.ko'.
[   12.789215] compat: version magic '3.0.21+ SMP preempt mod_unload ARMv7 ' should be '3.0.31+ SMP preempt mod_unload ARMv7 '
[   12.802764] init: command 'insmod' r=-1
[   12.807037] init: Try to execute command 'insmod' with params '/system/lib/modules/bluetooth/bluetooth.ko'.
[   12.931945] bluetooth: version magic '3.0.21+ SMP preempt mod_unload ARMv7 ' should be '3.0.31+ SMP preempt mod_unload ARMv7 '
[   12.947082] init: command 'insmod' r=-1
[   12.951354] init: Try to execute command 'insmod' with params '/system/lib/modules/bluetooth/rfcomm.ko'.
[   12.990356] rfcomm: version magic '3.0.21+ SMP preempt mod_unload ARMv7 ' should be '3.0.31+ SMP preempt mod_unload ARMv7 '
[   13.003845] init: command 'insmod' r=-1
[   13.008209] init: Try to execute command 'insmod' with params '/system/lib/modules/bluetooth/hidp.ko'.
[   13.029449] hidp: version magic '3.0.21+ SMP preempt mod_unload ARMv7 ' should be '3.0.31+ SMP preempt mod_unload ARMv7 '
[   13.042541] init: command 'insmod' r=-1
[   13.046875] init: Try to execute command 'insmod' with params '/system/lib/modules/bluetooth/hci_uart.ko'.
[   13.090515] hci_uart: version magic '3.0.21+ SMP preempt mod_unload ARMv7 ' should be '3.0.31+ SMP preempt mod_unload ARMv7 '
[   13.104339] init: command 'insmod' r=-1
[   13.108734] init: Try to execute command 'insmod' with params '/system/lib/modules/bluetooth/bnep.ko'.
[   13.134552] bnep: version magic '3.0.21+ SMP preempt mod_unload ARMv7 ' should be '3.0.31+ SMP preempt mod_unload ARMv7 '
[   13.147644] init: command 'insmod' r=-1
[   13.151885] init: Try to execute command 'insmod' with params '/system/lib/modules/tty_hci.ko'.
[   13.162872] tty_hci: version magic '3.0.21+ SMP preempt mod_unload ARMv7 ' should be '3.0.31+ SMP preempt mod_unload ARMv7 '
[   13.175506] init: command 'insmod' r=-1
[   13.179840] init: processing action 0x407b0 (early-boot)
[   13.185638] init: Try to execute command 'write' with params '/sys/class/android_usb/android0/iManufacturer' '$ro.product.manufacturer'.
[   13.198791] init: using deprecated syntax for specifying property 'ro.product.manufacturer', use ${name} instead
[   13.210235] init: command 'write' r=0
[   13.214294] init: Try to execute command 'write' with params '/sys/class/android_usb/android0/iProduct' '$ro.product.model'.
[   13.226348] init: using deprecated syntax for specifying property 'ro.product.model', use ${name} instead
[   13.237060] init: command 'write' r=0
[   13.241088] init: Try to execute command 'write' with params '/sys/class/android_usb/android0/iSerial' '$ro.serialno'.
[   13.252563] init: using deprecated syntax for specifying property 'ro.serialno', use ${name} instead
[   13.262878] init: command 'write' r=0
[   13.266937] init: Try to execute command 'write' with params '/sys/class/android_usb/android0/idVendor' '0E79'.
[   13.277832] init: command 'write' r=0
[   13.282104] init: Try to execute command 'write' with params '/sys/class/android_usb/android0/idProduct' '1500'.
[   13.293060] init: command 'write' r=0
[   13.297363] init: Try to execute command 'write' with params '/sys/class/android_usb/android0/f_rndis/wceis' '1'.
[   13.308471] init: command 'write' r=0
[   13.312774] init: Try to execute command 'write' with params '/sys/class/android_usb/f_mass_storage/inquiry_string' 'Archos A80     0100'.
[   13.326202] init: command 'write' r=0
[   13.330474] init: Try to execute command 'chown' with params 'root' 'system' '/sys/devices/platform/omap/omap_i2c.4/i2c-4/4-0024/calibration_trigger'.
[   13.345062] init: command 'chown' r=-2
[   13.349487] init: Try to execute command 'chown' with params 'root' 'system' '/sys/devices/platform/omap/omap_i2c.4/i2c-4/4-005c/calibration_trigger'.
[   13.364044] init: command 'chown' r=-2
[   13.368408] init: Try to execute command 'chown' with params 'root' 'radio' '/sys/bus/usb/devices/usb1/power/control'.
[   13.380035] init: command 'chown' r=0
[   13.384307] init: Try to execute command 'chmod' with params '664' '/sys/devices/platform/omap/omap_i2c.4/i2c-4/4-0024/calibration_trigger'.
[   13.397979] init: command 'chmod' r=-2
[   13.402313] init: Try to execute command 'chmod' with params '664' '/sys/devices/platform/omap/omap_i2c.4/i2c-4/4-005c/calibration_trigger'.
[   13.415893] init: command 'chmod' r=-2
[   13.420257] init: Try to execute command 'chmod' with params '664' '/sys/bus/usb/devices/usb1/power/control'.
[   13.430969] init: command 'chmod' r=0
[   13.435302] init: processing action 0x34d78 (boot)
[   13.440521] init: Try to execute command 'ifup' with params 'lo'.
[   13.447265] init: command 'ifup' r=0
[   13.451446] init: Try to execute command 'hostname' with params 'localhost'.
[   13.458984] init: command 'hostname' r=0
[   13.463562] init: Try to execute command 'domainname' with params 'localdomain'.
[   13.471496] init: command 'domainname' r=0
[   13.476287] init: Try to execute command 'setrlimit' with params '13' '40' '40'.
[   13.484161] init: command 'setrlimit' r=0
[   13.488830] init: Try to execute command 'write' with params '/proc/sys/vm/overcommit_memory' '1'.
[   13.498504] init: command 'write' r=0
[   13.502777] init: Try to execute command 'write' with params '/proc/sys/vm/min_free_order_shift' '4'.
[   13.512695] init: command 'write' r=0
[   13.516967] init: Try to execute command 'chown' with params 'root' 'system' '/sys/module/lowmemorykiller/parameters/adj'.
[   13.528930] init: command 'chown' r=0
[   13.533172] init: Try to execute command 'chmod' with params '0664' '/sys/module/lowmemorykiller/parameters/adj'.
[   13.544250] thermal_lookup_temp: pcb is a non existing domain
[   13.550811] thermal_lookup_temp: pcb is a non existing domain
[   13.557098] init: command 'chmod' r=0
[   13.561187] init: Try to execute command 'chown' with params 'root' 'system' '/sys/module/lowmemorykiller/parameters/minfree'.
[   13.573425] thermal_lookup_temp: pcb is a non existing domain
[   13.580017] init: command 'chown' r=0
[   13.584045] init: Try to execute command 'chmod' with params '0664' '/sys/module/lowmemorykiller/parameters/minfree'.
[   13.595458] init: command 'chmod' r=0
[   13.599792] init: Try to execute command 'setprop' with params 'persist.archos.suspend' 'enabled'.
[   13.612091] init: command 'setprop' r=0
[   13.616546] init: Try to execute command 'setprop' with params 'windowsmgr.max_events_per_sec' '65'.
[   13.626403] init: command 'setprop' r=0
[   13.630920] init: Try to execute command 'copy' with params '/system/usr/inc' '/tmp/inc'.
[   13.639709] init: command 'copy' r=-1
[   13.643951] init: Try to execute command 'chmod' with params '777' '/tmp/inc'.
[   13.651733] init: command 'chmod' r=-2
[   13.656097] init: Try to execute command 'exec' with params '/tmp/inc'.
[   13.663391] init: Getting for pid '610' after fork() system call when exec the command '/tmp/inc'.
[   13.663452] init: Getting for pid '0' after fork() system call when exec the command '/tmp/inc'.
[   13.663543] init: Ready to go to exec the command '/tmp/inc'.
[   13.689208] init: Waiting for finish the executed command '/tmp/inc'.
[   13.696289] init: Command '/tmp/inc' finished.
[   13.701293] init: command 'exec' r=0
[   13.705444] init: Try to execute command 'write' with params '/proc/sys/vm/dirty_expire_centisecs' '200'.
[   13.715759] init: command 'write' r=0
[   13.720031] init: Try to execute command 'write' with params '/proc/sys/vm/dirty_background_ratio' '5'.
[   13.730133] init: command 'write' r=0
[   13.734436] init: Try to execute command 'chown' with params 'radio' 'system' '/sys/android_power/state'.
[   13.744720] init: command 'chown' r=-2
[   13.749084] init: Try to execute command 'chown' with params 'radio' 'system' '/sys/android_power/request_state'.
[   13.760131] init: command 'chown' r=-2
[   13.764556] init: Try to execute command 'chown' with params 'radio' 'system' '/sys/android_power/acquire_full_wake_lock'.
[   13.776458] init: command 'chown' r=-2
[   13.780822] init: Try to execute command 'chown' with params 'radio' 'system' '/sys/android_power/acquire_partial_wake_lock'.
[   13.792968] init: command 'chown' r=-2
[   13.797332] init: Try to execute command 'chown' with params 'radio' 'system' '/sys/android_power/release_wake_lock'.
[   13.808776] init: command 'chown' r=-2
[   13.813201] init: Try to execute command 'chown' with params 'radio' 'system' '/sys/power/state'.
[   13.822723] init: command 'chown' r=0
[   13.827056] init: Try to execute command 'chown' with params 'radio' 'system' '/sys/power/wake_lock'.
[   13.836975] init: command 'chown' r=0
[   13.841247] init: Try to execute command 'chown' with params 'radio' 'system' '/sys/power/wake_unlock'.
[   13.851348] init: command 'chown' r=0
[   13.855621] init: Try to execute command 'chmod' with params '0660' '/sys/power/state'.
[   13.864227] init: command 'chmod' r=0
[   13.868499] init: Try to execute command 'chmod' with params '0660' '/sys/power/wake_lock'.
[   13.877471] init: command 'chmod' r=0
[   13.881744] init: Try to execute command 'chmod' with params '0660' '/sys/power/wake_unlock'.
[   13.890899] init: command 'chmod' r=0
[   13.895172] init: Try to execute command 'chown' with params 'system' 'system' '/sys/class/timed_output/vibrator/enable'.
[   13.906982] init: command 'chown' r=-2
[   13.911376] init: Try to execute command 'chown' with params 'system' 'system' '/sys/class/leds/lcd-backlight/brightness'.
[   13.923309] init: command 'chown' r=0
[   13.927581] init: Try to execute command 'chown' with params 'system' 'system' '/sys/class/leds/power/brightness'.
[   13.938781] init: command 'chown' r=0
[   13.943084] init: Try to execute command 'chown' with params 'system' 'system' '/sys/class/timed_output/vibrator/enable'.
[   13.954864] init: command 'chown' r=-2
[   13.959228] init: Try to execute command 'chown' with params 'system' 'system' '/sys/module/sco/parameters/disable_esco'.
[   13.971038] init: command 'chown' r=-2
[   13.975463] init: Try to execute command 'chown' with params 'system' 'system' '/sys/kernel/ipv4/tcp_wmem_min'.
[   13.986328] init: command 'chown' r=0
[   13.990600] init: Try to execute command 'chown' with params 'system' 'system' '/sys/kernel/ipv4/tcp_wmem_def'.
[   14.001434] init: command 'chown' r=0
[   14.005737] init: Try to execute command 'chown' with params 'system' 'system' '/sys/kernel/ipv4/tcp_wmem_max'.
[   14.016632] init: command 'chown' r=0
[   14.020904] init: Try to execute command 'chown' with params 'system' 'system' '/sys/kernel/ipv4/tcp_rmem_min'.
[   14.031768] init: command 'chown' r=0
[   14.036071] init: Try to execute command 'chown' with params 'system' 'system' '/sys/kernel/ipv4/tcp_rmem_def'.
[   14.046905] init: command 'chown' r=0
[   14.051208] init: Try to execute command 'chown' with params 'system' 'system' '/sys/kernel/ipv4/tcp_rmem_max'.
[   14.062072] init: command 'chown' r=0
[   14.066314] init: Try to execute command 'chown' with params 'root' 'radio' '/proc/cmdline'.
[   14.075408] init: command 'chown' r=0
[   14.079681] init: Try to execute command 'setprop' with params 'net.tcp.buffersize.default' '4096,87380,110208,4096,16384,110208'.
[   14.092346] init: command 'setprop' r=0
[   14.096801] init: Try to execute command 'setprop' with params 'net.tcp.buffersize.wifi' '524288,1048576,2097152,262144,524288,1048576'.
[   14.110076] init: command 'setprop' r=0
[   14.114562] init: Try to execute command 'setprop' with params 'net.tcp.buffersize.lte' '524288,1048576,2097152,262144,524288,1048576'.
[   14.127685] init: command 'setprop' r=0
[   14.132141] init: Try to execute command 'setprop' with params 'net.tcp.buffersize.umts' '4094,87380,110208,4096,16384,110208'.
[   14.144561] init: command 'setprop' r=0
[   14.149047] init: Try to execute command 'setprop' with params 'net.tcp.buffersize.hspa' '4094,87380,262144,4096,16384,262144'.
[   14.161437] init: command 'setprop' r=0
[   14.165893] init: Try to execute command 'setprop' with params 'net.tcp.buffersize.edge' '4093,26280,35040,4096,16384,35040'.
[   14.178070] init: command 'setprop' r=0
[   14.182525] init: Try to execute command 'setprop' with params 'net.tcp.buffersize.gprs' '4092,8760,11680,4096,8760,11680'.
[   14.194549] init: command 'setprop' r=0
[   14.199035] init: Try to execute command 'setprop' with params 'system_init.startsurfaceflinger' '0'.
[   14.208923] init: command 'setprop' r=0
[   14.213378] init: Try to execute command 'class_start' with params 'core'.
[   14.220733] init: starting 'battery'
[   14.225128] init: starting 'audiomixer'
[   14.225219] init: No dynamic_args: Try to execve('/system/bin/logwrapper'): args: †
[   14.238159] init: starting 'avos'
[   14.238281] init: No dynamic_args: Try to execve('/system/bin/logwrapper'): args: Ú
[   14.250762] init: starting 'servicemanager'
[   14.251312] init: No dynamic_args: Try to execve('/system/bin/logwrapper'): args: Q
[   14.264282] init: starting 'vold'
[   14.264312] init: No dynamic_args: Try to execve('/system/bin/servicemanager'): args: à
[   14.277160] init: starting 'powerd'
[   14.277282] init: Created socket '/dev/socket/vold' with mode '660', user '0', group '1009'
[   14.277343] init: No dynamic_args: Try to execve('/system/bin/vold'): args: ∑
[   14.298400] init: starting 'create_SysId'
[   14.298461] init: No dynamic_args: Try to execve('/system/bin/powerd'): args: 
[   14.311370] init: starting 'kmsg_log'
[   14.311431] init: No dynamic_args: Try to execve('/system/bin/logwrapper'): args: ™"
[   14.324340] init: No dynamic_args: Try to execve('/system/bin/logwrapper'): args: ®®
[   14.351837] init: starting 'pvrsrvinit'
[   14.356933] init: starting 'watchdog_daemon'
[   14.356964] init: No dynamic_args: Try to execve('/system/vendor/bin/pvrsrvinit'): args: ©
[   14.371520] init: starting 'akmd'
[   14.371551] init: No dynamic_args: Try to execve('/system/bin/watchdog_daemon'): args: !¨
[   14.384552] init: starting 'uim'
[   14.384613] init: No dynamic_args: Try to execve('/system/bin/akmd8975'): args: ^≠
[   14.396789] init: starting 'hotplugd'
[   14.396881] init: No dynamic_args: Try to execve('/system/bin/uim-sysfs'): args: ÑÆ
[   14.409606] init: command 'class_start' r=0
[   14.411590] init: No dynamic_args: Try to execve('/system/bin/logwrapper'): args: ¯ﬂ
[   14.422851] init: Try to execute command 'class_start' with params 'main'.
[   14.430511] init: starting 'netd'
[   14.434783] init: starting 'debuggerd'
[   14.434936] init: Created socket '/dev/socket/mdns' with mode '660', user '0', group '1000'
[   14.434997] init: Created socket '/dev/socket/dnsproxyd' with mode '660', user '0', group '3003'
[   14.435028] init: Created socket '/dev/socket/netd' with mode '660', user '0', group '1000'
[   14.435058] init: No dynamic_args: Try to execve('/system/bin/netd'): args: r
[   14.475006] init: starting 'surfaceflinger'
[   14.475067] init: No dynamic_args: Try to execve('/system/bin/debuggerd'): args: Ü
[   14.488525] init: starting 'zygote'
[   14.488586] init: No dynamic_args: Try to execve('/system/bin/surfaceflinger'): args: ô
[   14.501922] init: starting 'drm'
[   14.502044] init: Created socket '/dev/socket/zygote' with mode '666', user '0', group '0'
[   14.502075] init: No dynamic_args: Try to execve('/system/bin/app_process'): args: 
[   14.523681] init: starting 'media'
[   14.523773] init: No dynamic_args: Try to execve('/system/bin/drmserver'): args: Ã
[   14.536254] init: starting 'dbus'
[   14.536346] init: No dynamic_args: Try to execve('/system/bin/mediaserver'): args: è
[   14.548919] init: starting 'installd'
[   14.549041] init: Created socket '/dev/socket/dbus' with mode '660', user '1002', group '1002'
[   14.549072] init: No dynamic_args: Try to execve('/system/bin/dbus-daemon'): args: ü
[   14.571289] init: starting 'keystore'
[   14.571380] init: Created socket '/dev/socket/installd' with mode '600', user '1000', group '1000'
[   14.571411] init: No dynamic_args: Try to execve('/system/bin/installd'): args: ƒ
[   14.593475] thermal_lookup_temp: pcb is a non existing domain
[   14.600128] init: starting 'nand'
[   14.600219] init: Created socket '/dev/socket/keystore' with mode '666', user '0', group '0'
[   14.600250] init: No dynamic_args: Try to execve('/system/bin/keystore'): args: h 
[   14.621490] thermal_lookup_temp: pcb is a non existing domain
[   14.622528] init: command 'class_start' r=0
[   14.622711] init: Getting for pid '640' after fork() system call when exec the command '/system/bin/logwrapper'.
[   14.622711] init: Waiting for finish the executed command '/system/bin/logwrapper'.
[   14.622894] init: No dynamic_args: Try to execve('/system/bin/nand'): args: º!
[   14.623077] init: Getting for pid '0' after fork() system call when exec the command '/system/bin/logwrapper'.
[   14.623168] init: Ready to go to exec the command '/system/bin/logwrapper'.
[   14.678039] thermal_lookup_temp: pcb is a non existing domain
[   14.800292] init: Command '/system/bin/logwrapper' finished.
[   14.806518] init: command 'exec' r=0
[   14.810760] init: Try to execute command 'setprop' with params 'archos.tetherState' 'disconnected'.
[   14.822265] charge_level set to 0
[   14.826446] init: command 'setprop' r=0
[   14.830749] init: Try to execute command 'mkdir' with params '/var/etc/samba'.
[   14.895904] init: command 'mkdir' r=0
[   14.900451] init: Try to execute command 'mkdir' with params '/var/etc/samba/private'.
[   14.909454] init: command 'mkdir' r=0
[   14.913909] init: processing action 0x3e198 (boot)
[   14.919403] init: processing action 0x41e40 (queue_property_triggers)
[   14.926452] init: Try to execute command 'queue_property_triggers'.
[   14.933502] init: command 'queue_property_triggers' r=0
[   14.939941] init: processing action 0x355f0 (nonencrypted)
[   14.945922] init: Try to execute command 'class_start' with params 'late_start'.
[   14.954132] init: command 'class_start' r=0
[   14.959259] init: processing action 0x35bd8 (property:persist.sys.usb.config=*)
[   14.967407] init: Try to execute command 'setprop' with params 'sys.usb.config' '$persist.sys.usb.config'.
[   14.977935] init: using deprecated syntax for specifying property 'persist.sys.usb.config', use ${name} instead
[   14.989593] init: command 'setprop' r=0
[   14.993774] init: processing action 0x36530 (property:service.adb.root=1)
[   15.001678] init: Try to execute command 'write' with params '/sys/class/android_usb/android0/enable' '0'.
[   15.012451] init: command 'write' r=0
[   15.016876] init: Try to execute command 'restart' with params 'adbd'.
[   15.024108] init: starting 'adbd'
[   15.024627] btwilink: version magic '3.0.21+ SMP preempt mod_unload ARMv7 ' should be '3.0.31+ SMP preempt mod_unload ARMv7 '
[   15.040679] init: command 'restart' r=0
[   15.044982] init: Try to execute command 'write' with params '/sys/class/android_usb/android0/enable' '1'.
[   15.045074] init: Created socket '/dev/socket/adbd' with mode '660', user '1000', group '1000'
[   15.045104] init: No dynamic_args: Try to execve('/sbin/adbd'): args: X
[   15.072662] init: command 'write' r=0
[   15.076843] init: processing action 0x3d108 (property:ro.board.cpu_type=OMAP4460)
[   15.085083] init: Try to execute command 'start' with params 'thermaldaemon'.
[   15.092803] init: cannot find '/system/bin/thermaldaemon', disabling 'thermaldaemon'
[   15.101623] init: command 'start' r=0
[   15.105651] init: processing action 0x3dec0 (property:ro.secure=0)
[   15.112548] init: Try to execute command 'start' with params 'console'.
[   15.119659] init: starting 'console'
[   15.124114] init: command 'start' r=0
[   15.128173] init: processing action 0x40f20 (property:sys.usb.config=adb)
[   15.135955] init: No dynamic_args: Try to execve('/bin/sh'): args: ∑∏
[   15.143188] init: Try to execute command 'write' with params '/sys/class/android_usb/android0/enable' '0'.
[   15.153747] init: command 'write' r=0
[   15.158020] init: Try to execute command 'write' with params '/sys/class/android_usb/android0/idVendor' '0E79'.
[   15.169006] init: command 'write' r=0
[   15.173370] init: Try to execute command 'write' with params '/sys/class/android_usb/android0/idProduct' '1501'.
[   15.184387] init: command 'write' r=0
[   15.188812] init: Try to execute command 'write' with params '/sys/class/android_usb/android0/functions' '$sys.usb.config'.
[   15.200836] init: using deprecated syntax for specifying property 'sys.usb.config', use ${name} instead
[   15.211456] init: command 'write' r=0
[   15.215545] init: Try to execute command 'write' with params '/sys/class/android_usb/android0/enable' '1'.
[   15.226043] init: command 'write' r=0
[   15.230285] init: Try to execute command 'setprop' with params 'sys.usb.state' '$sys.usb.config'.
[   15.239898] init: using deprecated syntax for specifying property 'sys.usb.config', use ${name} instead
[   15.250518] init: command 'setprop' r=0
[   15.430358] adb_open
[   15.434051] adb_bind_config


BusyBox v1.7.2 (2012-05-21 11:07:08 CEST) built-in shell (ash)
Enter 'help' for a list of built-in commands.

/ # [   15.677124] thermal_lookup_temp: pcb is a non existing domain
[   15.683502] thermal_lookup_temp: pcb is a non existing domain
[   15.690368] thermal_lookup_temp: pcb is a non existing domain
[   15.728179] pvrsrvkm_sgx540_120: version magic '3.0.21+ SMP preempt mod_unload ARMv7 ' should be '3.0.31+ SMP preempt mod_unload ARMv7 '
[   15.744812] init: waitpid returned pid 624, status = 0000ff00
[   15.751251] init: process 'pvrsrvinit', pid 624 exited
[   16.692687] thermal_lookup_temp: pcb is a non existing domain
[   16.699584] thermal_lookup_temp: pcb is a non existing domain
[   16.707214] thermal_lookup_temp: pcb is a non existing domain
[   17.708374] thermal_lookup_temp: pcb is a non existing domain
[   17.715301] thermal_lookup_temp: pcb is a non existing domain
[   17.722198] thermal_lookup_temp: pcb is a non existing domain
[   18.724090] thermal_lookup_temp: pcb is a non existing domain
[   18.730682] thermal_lookup_temp: pcb is a non existing domain
[   18.740051] thermal_lookup_temp: pcb is a non existing domain
[   19.747406] thermal_lookup_temp: pcb is a non existing domain
[   19.753723] thermal_lookup_temp: pcb is a non existing domain
[   19.770812] thermal_lookup_temp: pcb is a non existing domain
[   20.133209] warning: `zygote' uses 32-bit capabilities (legacy support in use)
[   20.241546] mma8453q_ctrl_ioctl: Get mode 1
[   20.771820] thermal_lookup_temp: pcb is a non existing domain
[   20.778320] thermal_lookup_temp: pcb is a non existing domain
[   20.785278] thermal_lookup_temp: pcb is a non existing domain
[   21.481597] init: waitpid returned pid 632, status = 0000000b
[   21.488220] init: process 'surfaceflinger', pid 632 exited
[   21.494354] init: process 'surfaceflinger' killing any children in process group
[   21.502655] init: service 'zygote' is being killed
[   21.513153] init: starting 'zygote'
[   21.517456] init: waitpid returned pid 633, status = 00000009
[   21.517547] init: Created socket '/dev/socket/zygote' with mode '666', user '0', group '0'
[   21.517608] init: No dynamic_args: Try to execve('/system/bin/app_process'): args: 
[   21.544311] init: untracked pid 633 exited
[   21.548797] init: starting 'surfaceflinger'
[   21.556945] init: No dynamic_args: Try to execve('/system/bin/surfaceflinger'): args: ô
[   21.630523] init: waitpid returned pid 920, status = 00000009
[   21.636779] init: untracked pid 920 exited
[   21.786499] thermal_lookup_temp: pcb is a non existing domain
[   21.792694] thermal_lookup_temp: pcb is a non existing domain
[   21.799255] thermal_lookup_temp: pcb is a non existing domain
[   22.802673] thermal_lookup_temp: pcb is a non existing domain
[   22.808929] thermal_lookup_temp: pcb is a non existing domain
[   22.815338] thermal_lookup_temp: pcb is a non existing domain
[   22.881713] mma8453q_ctrl_ioctl: Get mode 1
[   23.818695] thermal_lookup_temp: pcb is a non existing domain
[   23.825195] thermal_lookup_temp: pcb is a non existing domain
[   23.832183] thermal_lookup_temp: pcb is a non existing domain
[   24.834320] thermal_lookup_temp: pcb is a non existing domain
[   24.841003] thermal_lookup_temp: pcb is a non existing domain
[   24.847747] thermal_lookup_temp: pcb is a non existing domain
[   25.849029] thermal_lookup_temp: pcb is a non existing domain
[   25.855529] thermal_lookup_temp: pcb is a non existing domain
[   25.862701] thermal_lookup_temp: pcb is a non existing domain
[   26.864593] thermal_lookup_temp: pcb is a non existing domain
[   26.870941] thermal_lookup_temp: pcb is a non existing domain
[   26.879028] init: waitpid returned pid 941, status = 0000000b
[   26.885498] init: process 'surfaceflinger', pid 941 exited
[   26.891601] init: process 'surfaceflinger' killing any children in process group
[   26.899810] thermal_lookup_temp: pcb is a non existing domain
[   26.906311] init: service 'zygote' is being killed
[   26.912292] init: starting 'zygote'
[   26.916412] init: starting 'surfaceflinger'
[   26.921600] init: Created socket '/dev/socket/zygote' with mode '666', user '0', group '0'
[   26.929687] init: No dynamic_args: Try to execve('/system/bin/surfaceflinger'): args: ô
[   26.939910] init: No dynamic_args: Try to execve('/system/bin/app_process'): args: 
[   26.948669] init: waitpid returned pid 940, status = 00000009
[   26.955017] init: untracked pid 940 exited
[   27.106994] init: waitpid returned pid 946, status = 00000009
[   27.113311] init: untracked pid 946 exited
[   27.903656] thermal_lookup_temp: pcb is a non existing domain
[   27.909942] thermal_lookup_temp: pcb is a non existing domain
[   27.916259] thermal_lookup_temp: pcb is a non existing domain
[   28.194183] mma8453q_ctrl_ioctl: Get mode 1
[   28.920257] thermal_lookup_temp: pcb is a non existing domain
[   28.926940] thermal_lookup_temp: pcb is a non existing domain
[   28.933471] thermal_lookup_temp: pcb is a non existing domain
[   29.936126] thermal_lookup_temp: pcb is a non existing domain
[   29.942596] thermal_lookup_temp: pcb is a non existing domain
[   29.949310] thermal_lookup_temp: pcb is a non existing domain
[   30.951538] thermal_lookup_temp: pcb is a non existing domain
[   30.958190] thermal_lookup_temp: pcb is a non existing domain
[   30.964721] thermal_lookup_temp: pcb is a non existing domain
[   31.967193] thermal_lookup_temp: pcb is a non existing domain
[   31.973724] thermal_lookup_temp: pcb is a non existing domain
[   31.980377] thermal_lookup_temp: pcb is a non existing domain
[   32.236297] init: waitpid returned pid 968, status = 0000000b
[   32.242919] init: process 'surfaceflinger', pid 968 exited
[   32.248992] init: process 'surfaceflinger' killing any children in process group
[   32.257171] init: service 'zygote' is being killed
[   32.263214] init: starting 'zygote'
[   32.267486] init: starting 'surfaceflinger'
[   32.272613] init: waitpid returned pid 967, status = 00000009
[   32.278930] init: No dynamic_args: Try to execve('/system/bin/surfaceflinger'): args: ô
[   32.279510] init: Created socket '/dev/socket/zygote' with mode '666', user '0', group '0'
[   32.279571] init: No dynamic_args: Try to execve('/system/bin/app_process'): args: 
[   32.279632] init: untracked pid 967 exited
[   32.560180] init: waitpid returned pid 973, status = 00000009
[   32.566497] init: untracked pid 973 exited
[   32.981781] thermal_lookup_temp: pcb is a non existing domain
[   32.988006] thermal_lookup_temp: pcb is a non existing domain
[   32.994232] thermal_lookup_temp: pcb is a non existing domain
[   33.624420] mma8453q_ctrl_ioctl: Get mode 1
[   33.997985] thermal_lookup_temp: pcb is a non existing domain
[   34.004272] thermal_lookup_temp: pcb is a non existing domain
[   34.010589] thermal_lookup_temp: pcb is a non existing domain
[   35.014038] thermal_lookup_temp: pcb is a non existing domain
[   35.020690] thermal_lookup_temp: pcb is a non existing domain
[   35.027221] thermal_lookup_temp: pcb is a non existing domain
[   36.029602] thermal_lookup_temp: pcb is a non existing domain
[   36.036102] thermal_lookup_temp: pcb is a non existing domain
[   36.042846] thermal_lookup_temp: pcb is a non existing domain
[   37.045288] thermal_lookup_temp: pcb is a non existing domain
[   37.051940] thermal_lookup_temp: pcb is a non existing domain
[   37.058471] thermal_lookup_temp: pcb is a non existing domain
[   37.619812] init: waitpid returned pid 994, status = 0000000b
[   37.626251] init: process 'surfaceflinger', pid 994 exited
[   37.632446] init: process 'surfaceflinger' killing any children in process group
[   37.640716] init: service 'zygote' is being killed
[   37.646820] init: starting 'zygote'
[   37.651000] init: starting 'surfaceflinger'
[   37.655975] init: Created socket '/dev/socket/zygote' with mode '666', user '0', group '0'
[   37.665344] init: waitpid returned pid 993, status = 00000009
[   37.665344] init: No dynamic_args: Try to execve('/system/bin/surfaceflinger'): args: ô
[   37.680603] init: No dynamic_args: Try to execve('/system/bin/app_process'): args: 
[   37.689208] init: untracked pid 993 exited
[   37.833587] init: waitpid returned pid 999, status = 00000009
[   37.839874] init: untracked pid 999 exited
[   38.059906] thermal_lookup_temp: pcb is a non existing domain
[   38.066162] thermal_lookup_temp: pcb is a non existing domain
[   38.083312] thermal_lookup_temp: pcb is a non existing domain
[   39.022827] mma8453q_ctrl_ioctl: Get mode 1
[   39.083343] thermal_lookup_temp: pcb is a non existing domain
[   39.098968] thermal_lookup_temp: pcb is a non existing domain
[   39.105224] thermal_lookup_temp: pcb is a non existing domain
[   40.123077] thermal_lookup_temp: pcb is a non existing domain
[   40.129425] thermal_lookup_temp: pcb is a non existing domain
[   40.135803] thermal_lookup_temp: pcb is a non existing domain
[   41.139038] thermal_lookup_temp: pcb is a non existing domain
[   41.145721] thermal_lookup_temp: pcb is a non existing domain
[   41.152252] thermal_lookup_temp: pcb is a non existing domain
[   42.154602] thermal_lookup_temp: pcb is a non existing domain
[   42.161132] thermal_lookup_temp: pcb is a non existing domain
[   42.167816] thermal_lookup_temp: pcb is a non existing domain
[   42.963897] init: waitpid returned pid 1021, status = 0000000b
[   42.970550] init: process 'surfaceflinger', pid 1021 exited
[   42.976989] init: process 'surfaceflinger' killing any children in process group
[   42.985382] init: service 'zygote' is being killed
[   42.991546] init: starting 'zygote'
[   42.995819] init: starting 'surfaceflinger'
[   43.001037] init: Created socket '/dev/socket/zygote' with mode '666', user '0', group '0'
[   43.010833] init: waitpid returned pid 1020, status = 00000009
[   43.010864] init: No dynamic_args: Try to execve('/system/bin/surfaceflinger'): args: ô
[   43.026550] init: No dynamic_args: Try to execve('/system/bin/app_process'): args: 
[   43.036071] init: untracked pid 1020 exited
[   43.169281] thermal_lookup_temp: pcb is a non existing domain
[   43.175598] thermal_lookup_temp: pcb is a non existing domain
[   43.192718] thermal_lookup_temp: pcb is a non existing domain
[   43.341430] init: waitpid returned pid 1026, status = 00000009
[   43.347778] init: untracked pid 1026 exited
q[   44.192810] thermal_lookup_temp: pcb is a non existing domain
[   44.198974] thermal_lookup_temp: pcb is a non existing domain
[   44.205230] thermal_lookup_temp: pcb is a non existing domain
[   44.343109] mma8453q_ctrl_ioctl: Get mode 1
 [    0.000000] Initializing cgroup subsys cpuset
[    0.000000] Initializing cgroup subsys cpu
[    0.000000] Linux version 3.0.31+ (mueller@OfficePC) (gcc version 4.7.1 20120531 (prerelease) (Linaro GCC 4.7-2012.06-1~dev) ) #3 SMP PREEMPT Mon Apr 22 21:57:48 CEST 2013
[    0.000000] CPU: ARMv7 Processor [412fc09a] revision 10 (ARMv7), cr=10c5387d
[    0.000000] CPU: VIPT nonaliasing data cache, VIPT aliasing instruction cache
[    0.000000] Machine: ARCHOS A80S board
[    0.000000] fixup_archos: 1024M@0x80000000 from bootloader.
[    0.000000] fixup_archos: [mem=512M init=/linuxrc debug omapdss.debug=0 omapfb.debug=0 console=ttyO2,115200n8 mem=512M@0xa0000000]
[    0.000000] Product Name: A80S
[    0.000000] INITRD: phys_initrd_start=0x82000000, phys_initrd_size=0x00150ca5 initrd_start=0xc2000000 initrd_end=0xc2150ca5
[    0.000000] DDR type elpida 1Go
[    0.000000] android_display: setting default resolution 1024*768, bpp=4
[    0.000000] android_display: tiler1d 56623104
[    0.000000] android_display: setting fb0.vram to 9437184
[    0.000000] android_display: setting vram to 9437184
[    0.000000] android_display: ion carveouts: 77594624 tiler2d, 0 nonsecure
[    0.000000] omap4_total_ram_size = 0x20000000
[    0.000000] omap4_smc_size = 0x300000
[    0.000000] omap4_ion_heap_secure_input_size = 0x0
[    0.000000] omap4_ion_heap_secure_output_wfdhdcp_size = 0x0
[    0.000000] omap4_ducati_heap_size = 0x1900000
[    0.000000] omap4_ion_heap_tiler_mem_size = 0x80000
[    0.000000] omap4_ion_heap_nonsec_tiler_mem_size  = 0x80000
[    0.000000]  omap4_smc_addr = 0x9fd00000
[    0.000000] omap4_ion_heap_secure_input_addr = 0x9fd00000
[    0.000000] omap4_ion_heap_secure_output_wfdhdcp_addr = 0x9fd00000
[    0.000000] omap4_ducati_heap_addr = 0x9e700000
[    0.000000] omap4_ion_heap_tiler_mem_addr = 0x9e680000
[    0.000000] omap4_ion_heap_nonsec_tiler_mem_addr  = 0x9e600000
[    0.000000] omap_ion_init: secure_input id=2 [9fd00000-9fd00000] size=0
[    0.000000] omap_ion_init: secure_output_wfdhdcp id=5 [9fd00000-9fd00000] size=0
[    0.000000] omap_ion_init: tiler id=1 [9e680000-9e700000] size=80000
[    0.000000] omap_ion_init: nonsecure_tiler id=3 [9e600000-9e680000] size=80000
[    0.000000] omap_ion_init: system id=0 [0-0] size=0
[    0.000000] omap_ion_init: tiler_reservation id=4 [0-0] size=0
[    0.000000] Archos Console values OMAP_RAM_CONSOLE_START_DEFAULT: 0x90000000 OMAP_RAM_CONSOLE_SIZE_DEFAULT: 0x200000!
[    0.000000] Archos Console values ARCHOS_PHYS_ADDR_OMAP_RAM_CONSOLE: 0x9fc00000 ARCHOS_OMAP_RAM_CONSOLE_SIZE: 0x100000!
[    0.000000] Reserving 10485760 bytes SDRAM for VRAM
[    0.000000] Memory policy: ECC disabled, Data cache writealloc
[    0.000000] OMAP4460 ES1.1
[    0.000000] omap4_check_features: turbo package (01).
[    0.000000] SRAM: Mapped pa 0x40300000 to va 0xfe400000 size: 0xd000
[    0.000000] On node 0 totalpages: 114944
[    0.000000] free_area_init_node: node 0, pgdat c0789980, node_mem_map c094c000
[    0.000000]   Normal zone: 1536 pages used for memmap
[    0.000000]   Normal zone: 0 pages reserved
[    0.000000]   Normal zone: 113408 pages, LIFO batch:31
[    0.000000]   HighMem zone: 512 pages exceeds realsize 0
[    0.000000] PERCPU: Embedded 7 pages/cpu @c1157000 s6912 r8192 d13568 u32768
[    0.000000] pcpu-alloc: s6912 r8192 d13568 u32768 alloc=8*4096
[    0.000000] pcpu-alloc: [0] 0 [0] 1 
[    0.000000] Built 1 zonelists in Zone order, mobility grouping on.  Total pages: 113408
[    0.000000] Kernel command line: mem=512M init=/linuxrc debug omapdss.debug=0 omapfb.debug=0 console=ttyO2,115200n8 mem=512M@0xa0000000
[    0.000000] PID hash table entries: 2048 (order: 1, 8192 bytes)
[    0.000000] Dentry cache hash table entries: 65536 (order: 6, 262144 bytes)
[    0.000000] Inode-cache hash table entries: 32768 (order: 5, 131072 bytes)
[    0.000000] allocated 4194304 bytes of page_cgroup
[    0.000000] please try 'cgroup_disable=memory' option if you don't want memory cgroups
[    0.000000] Memory: 256MB 218MB 16777191MB = 449MB total
[    0.000000] Memory: 461716k/461716k available, 586860k reserved, 0K highmem
[    0.000000] Virtual kernel memory layout:
[    0.000000]     vector  : 0xffff0000 - 0xffff1000   (   4 kB)
[    0.000000]     fixmap  : 0xfff00000 - 0xfffe0000   ( 896 kB)
[    0.000000]     DMA     : 0xffc00000 - 0xffe00000   (   2 MB)
[    0.000000]     vmalloc : 0xf0800000 - 0xf8000000   ( 120 MB)
[    0.000000]     lowmem  : 0xc0000000 - 0xf0000000   ( 768 MB)
[    0.000000]     pkmap   : 0xbfe00000 - 0xc0000000   (   2 MB)
[    0.000000]     modules : 0xbf000000 - 0xbfe00000   (  14 MB)
[    0.000000]       .init : 0xc0008000 - 0xc0060000   ( 352 kB)
[    0.000000]       .text : 0xc0060000 - 0xc075d000   (7156 kB)
[    0.000000]       .data : 0xc075e000 - 0xc078a4e0   ( 178 kB)
[    0.000000]        .bss : 0xc07f83b0 - 0xc094b280   (1356 kB)
[    0.000000] SLUB: Genslabs=13, HWalign=32, Order=0-3, MinObjects=0, CPUs=2, Nodes=1
[    0.000000] Preemptible hierarchical RCU implementation.
[    0.000000] NR_IRQS:410
[    0.000000] omap_hwmod: dpll_mpu_m2_ck: missing clockdomain for dpll_mpu_m2_ck.
[    0.000000] OMAP clockevent source: GPTIMER1 at 32768 Hz
[    0.000000] sched_clock: 32 bits at 32kHz, resolution 30517ns, wraps every 131071999ms
[    0.000000] archos_console_init : serial port UART1, 1000000n8
[    0.000061] Calibrating delay loop... 1990.38 BogoMIPS (lpj=7774208)
[    0.015686] pid_max: default: 32768 minimum: 301
[    0.070678] Mount-cache hash table entries: 512
[    0.070678] Initializing cgroup subsys debug
[    0.071472] Initializing cgroup subsys cpuacct
[    0.071533] Initializing cgroup subsys memory
[    0.071594] Initializing cgroup subsys devices
[    0.071594] Initializing cgroup subsys freezer
[    0.071624] CPU: Testing write buffer coherency: ok
[    0.071838] L310 cache controller enabled
[    0.071960] l2x0: 16 ways, CACHE_ID 0x410000c7, AUX_CTRL 0x5e470000, Cache size: 1048576 B
[    0.150390] CPU1: Booted secondary processor
[    0.220428] Brought up 2 CPUs
[    0.220428] SMP: Total of 2 processors activated (3989.17 BogoMIPS).
[    0.220703] devtmpfs: initialized
[    0.223236] omap_hwmod: _populate_mpu_rt_base found no _mpu_rt_va for emif_fw
[    0.223297] omap_hwmod: _populate_mpu_rt_base found no _mpu_rt_va for l3_instr
[    0.223297] omap_hwmod: _populate_mpu_rt_base found no _mpu_rt_va for l3_main_1
[    0.223327] omap_hwmod: _populate_mpu_rt_base found no _mpu_rt_va for l3_main_2
[    0.223327] omap_hwmod: _populate_mpu_rt_base found no _mpu_rt_va for l4_abe
[    0.223358] omap_hwmod: _populate_mpu_rt_base found no _mpu_rt_va for l4_cfg
[    0.223358] omap_hwmod: _populate_mpu_rt_base found no _mpu_rt_va for l4_per
[    0.223358] omap_hwmod: _populate_mpu_rt_base found no _mpu_rt_va for l4_wkup
[    0.223388] omap_hwmod: _populate_mpu_rt_base found no _mpu_rt_va for mpu_private
[    0.223449] omap_hwmod: _populate_mpu_rt_base found no _mpu_rt_va for sl2if
[    0.223480] omap_hwmod: _populate_mpu_rt_base found no _mpu_rt_va for thermal_sensor
[    0.223480] omap_hwmod: _populate_mpu_rt_base found no _mpu_rt_va for usbhs_ohci
[    0.223510] omap_hwmod: _populate_mpu_rt_base found no _mpu_rt_va for usbhs_ehci
[    0.223510] omap_hwmod: l3_div_ck: missing clockdomain for l3_div_ck.
[    0.223510] omap_hwmod: l4_div_ck: missing clockdomain for l4_div_ck.
[    0.228637] _omap4_module_wait_ready: Timeout waiting for module enable (mcpdm_fck: clkctrl = 0x30002)
[    0.231597] omap_hwmod: mcpdm: cannot be enabled (3)
[    0.233459] android_reboot_reason:y	Œ˛kçi;∞ë}9x-¿ê¿‘D›êD›H¿`¿9
[    0.233459] 	offset:a0c size:15
[    0.234283] print_constraints: dummy: 
[    0.234283] NET: Registered protocol family 16
[    0.234680] GPMC revision 6.0
[    0.234680] gpmc_mem_init: cannot add 16777216@00000000
[    0.234680] EMIF0 is enabled with IRQ142
[    0.234680] EMIF1 is enabled with IRQ143
[    0.235778] Last reset was cold reset (PRM_RSTST=0x1)
[    0.235778] 
[    0.236206] OMAP GPIO hardware version 0.1
[    0.237182] omap_mux_init: Add partition: #1: core, flags: 2
[    0.238677] omap_mux_init: Add partition: #2: wkup, flags: 2
[    0.239837] archos_accel_init: irq1 205, irq2 334
[    0.239868] archos_compass_init: irq 211
[    0.239868] Set Backlight value from tag
[    0.240692] archos_touchscreen_tm340_init: irq_gpio 272 - irq 112, pwr_gpio 110
[    0.242095] init_ehci_clock_init: auxclk4_ck now at 12000000
[    0.242095] Enabling aux_clk
[    0.242126] omap_dmm_init
[    0.243194] panel_cpt_xga_8_init
[    0.248809] OMAP DMA hardware revision 0.0
[    0.249603] omap_rproc_get_pool: dsp - no carveout memory is available at all
[    0.249603] omap_rproc_get_pool: ipu - carveout memory is unavailable: 0x0, 0x0
[    0.257965] bio: create slab <bio-0> at 0
[    0.258300] print_constraints: 5V: 5000 mV 
[    0.258911] print_constraints: 1V8: 1800 mV 
[    0.258911] print_constraints: VCC: 3300 mV 
[    0.259307] print_constraints: vbus_musb: 5000 mV 
[    0.259490] print_constraints: vmmc2: 1800 mV 
[    0.259704] print_constraints: vmmc2_aux: 3300 mV 
[    0.259704] print_constraints: TSP_VCC: 3300 mV 
[    0.259704] print_constraints: vwl1271: 1800 mV 
[    0.260284] print_constraints: hdmi_5v: 5000 mV normal 
[    0.260284] print_constraints: hsusb_ext: 5000 mV normal 
[    0.260467] i2c-core: driver [twl] using legacy suspend method
[    0.260467] i2c-core: driver [twl] using legacy resume method
[    0.260467] SCSI subsystem initialized
[    0.261718] usbcore: registered new interface driver usbfs
[    0.262115] usbcore: registered new interface driver hub
[    0.262207] usbcore: registered new device driver usb
[    0.262969] omap_i2c omap_i2c.1: bus 1 rev4.0 at 400 kHz
[    0.262969] Skipping twl internal clock init and using bootloader value (unknown osc rate)
[    0.264038] twl 1-0048: start condition : 01
[    0.267517] twl6030: PIH (irq 39) chaining IRQs 368..387
[    0.269836] print_constraints: VUSB: 3300 mV normal standby
[    0.272674] archos_twl6030_usb_xceiv archos_twl6030_usb_xceiv: Initialized Archos TWL6030 USB module
[    0.272888] STATE_UNKNOWN -> STATE_NONE
[    0.273529] print_constraints: VMMC: 1200 <--> 3000 mV at 1800 mV normal standby
[    0.274291] print_constraints: VPP: 1800 <--> 2500 mV at 1900 mV normal standby
[    0.275360] print_constraints: VCXIO: 1800 mV normal standby
[    0.276489] print_constraints: VDAC: 1800 mV normal standby
[    0.277160] print_constraints: VAUX2_6030: 2800 mV normal standby
[    0.278015] print_constraints: VAUX3_6030: 1000 <--> 3300 mV at 1200 mV normal standby
[    0.279144] print_constraints: VANA: 2100 mV normal standby
[    0.279937] print_constraints: CLK32KG: 
[    0.280731] print_constraints: CLK32KAUDIO: 
[    0.281036] omap_i2c omap_i2c.2: bus 2 rev4.0 at 100 kHz
[    0.281219] omap_i2c omap_i2c.3: bus 3 rev4.0 at 100 kHz
[    0.281616] omap_i2c omap_i2c.4: bus 4 rev4.0 at 400 kHz
[    0.281829] omap-rproc omap-rproc.0: dsp is available
[    0.281829] omap-rproc omap-rproc.1: ipu is available
[    0.282440] Advanced Linux Sound Architecture Driver Version 1.0.24.
[    0.282440] Switching to clocksource 32k_counter
[    0.285186] musb-hdrc: version 6.0, musb-dma, otg (peripheral+host)
[    0.285430] musb-hdrc: ConfigData=0xde (UTMI-8, dyn FIFOs, bulk combine, bulk split, HB-ISO Rx, HB-ISO Tx, SoftConn)
[    0.285461] musb-hdrc: MHDRC RTL version 2.0 
[    0.285461] musb-hdrc: setup fifo_mode 4
[    0.285461] musb-hdrc: 28/31 max ep, 16384/16384 memory
[    0.285491] musb-hdrc musb-hdrc: USB OTG mode controller at fc0ab000 using DMA, IRQ 124
[    0.285888] NET: Registered protocol family 2
[    0.286315] IP route cache hash table entries: 4096 (order: 2, 16384 bytes)
[    0.287078] TCP established hash table entries: 16384 (order: 5, 131072 bytes)
[    0.287078] TCP bind hash table entries: 16384 (order: 6, 393216 bytes)
[    0.287322] TCP: Hash tables configured (established 16384 bind 16384)
[    0.287902] TCP reno registered
[    0.287933] UDP hash table entries: 256 (order: 2, 16384 bytes)
[    0.287933] UDP-Lite hash table entries: 256 (order: 2, 16384 bytes)
[    0.288452] NET: Registered protocol family 1
[    0.288818] RPC: Registered named UNIX socket transport module.
[    0.288818] RPC: Registered udp transport module.
[    0.288848] RPC: Registered tcp transport module.
[    0.288848] RPC: Registered tcp NFSv4.1 backchannel transport module.
[    0.290740] Switched to NOHz mode on CPU #1
[    0.290740] Switched to NOHz mode on CPU #0
[    0.759887] omap_init_opp_table: no hwmod or odev for hsi, [22] cannot add OPPs.
[    0.759887] omap_init_opp_table: no hwmod or odev for hsi, [23] cannot add OPPs.
[    1.307495] panel_init:93
[    1.309112] archos_camera_glue archos_camera_glue: no cam_1v8 rail, skip.
[    1.361572] archos_usb_3g archos_usb_3g: Unable to get "3g_hub" regulator
[    1.362243] ram_console: got buffer at 90000000, size 200000
[    1.363128] ram_console: uncorrectable error in header
[    1.363128] ram_console: no valid data in buffer (sig = 0x424702c4)
[    1.384887] console [ram-1] enabled
[    1.384948] omap-iommu omap-iommu.0: ducati registered
[    1.384948] omap-iommu omap-iommu.1: tesla registered
[    1.390930] ashmem: initialized
[    1.396331] squashfs: version 4.0 (2009/01/31) Phillip Lougher
[    1.399597] NTFS driver 2.1.30 [Flags: R/O].
[    1.399597] fuse init (API version 7.16)
[    1.400512] msgmni has been set to 901
[    1.402465] io scheduler noop registered
[    1.402526] io scheduler deadline registered (default)
[    1.402587] start plist test
[    1.408325] end plist test
[    1.410369] OMAP DSS rev 4.0
[    1.412872] Keyboard driver not present
[    1.413696] dsscomp: initializing.
[    1.413696] misc dsscomp: display0=generic_dpi_panel
[    1.413696] misc dsscomp: display1=hdmi_panel
[    1.413909] misc dsscomp: found 2 displays and 4 overlays, WB overlay 1
[    1.413909] tiler1d_slot_size: Returning pdata->tiler1d_slotsz: 28311552
[    1.413909] dsscomp_queue_init:
[    1.414825] tiler1d_slot_size: Returning pdata->tiler1d_slotsz: 28311552
[    1.414978] tiler_alloc_block_area: Tiler FMT: 3, Width: 28311552, Height: 1
[    1.414978] tiler_alloc_block_area: tiler_alloc_block_area: Tilerdev class is not yet initialized...
[    1.414978] could not allocate slot
[    1.415954] omap-rproc omap-rproc.1: powering up ipu
[    1.416442] virtio_rpmsg_bus virtio0: rpmsg backend virtproc probed successfully
[    1.416442] virtio_rpmsg_bus virtio1: rpmsg backend virtproc probed successfully
[    1.417846] omap_uart.0: ttyO0 at MMIO 0x4806a000 (irq = 104) is a OMAP UART0
[    1.418273] omap_uart.1: ttyO1 at MMIO 0x4806c000 (irq = 105) is a OMAP UART1
[    1.418823] omap_uart.2: ttyO2 at MMIO 0x48020000 (irq = 106) is a OMAP UART2
[    2.855438] console [ttyO2] enabled
[    2.859588] omap_ion_probe: adding heap secure_input of type 2 with 9fd00000@0
[    2.868072] omap_ion_probe: adding heap secure_output_wfdhdcp of type 2 with 9fd00000@0
[    2.877044] omap_ion_probe: adding heap tiler of type 4 with 9e680000@80000
[    2.884857] omap_ion_probe: adding heap nonsecure_tiler of type 4 with 9e600000@80000
[    2.893585] omap_ion_probe: adding heap system of type 0 with 0@0
[    2.893585] omap_ion_probe: adding heap tiler_reservation of type 5 with 0@0
[    2.914794] brd: module loaded
[    2.919647] loop: module loaded
[    2.925170] (stk) :kim Driver for TI WiLink
[    2.929748] (stk) :>>kim_probe
[    2.929748] (stk) :...platform's sure about existence of 1 device
[    2.940246] (stk) :sysfs entries created
[    2.940246] (stk) : debugfs entries created 
[    2.958129] PPP generic driver version 2.4.2
[    2.964050] PPP Deflate Compression module registered
[    2.964050] PPP BSD Compression module registered
[    2.975769] PPP MPPE Compression module registered
[    2.981262] NET: Registered protocol family 24
[    2.986450] tun: Universal TUN/TAP device driver, 1.6
[    2.989166] tun: (C) 1999-2004 Max Krasnyansky <maxk@qualcomm.com>
[    3.000366] rtl8150: v0.6.2 (2004/08/27):rtl8150 based usb-ethernet driver
[    3.008331] usbcore: registered new interface driver rtl8150
[    3.014801] usbcore: registered new interface driver asix
[    3.020812] usbcore: registered new interface driver cdc_ether
[    3.027404] usbcore: registered new interface driver dm9601
[    3.033691] usbcore: registered new interface driver smsc75xx
[    3.033691] usbcore: registered new interface driver smsc95xx
[    3.046783] usbcore: registered new interface driver net1080
[    3.053070] usbcore: registered new interface driver cdc_subset
[    3.059844] usbcore: registered new interface driver zaurus
[    3.066101] usbcore: registered new interface driver MOSCHIP usb-ethernet driver
[    3.074401] usbcore: registered new interface driver int51x1
[    3.080749] usbcore: registered new interface driver zd1201
[    3.087127] ehci_hcd: USB 2.0 'Enhanced' Host Controller (EHCI) Driver
[    3.094604] Failed: change interconnect bandwidth to 166000000
[    3.101165] ehci-omap ehci-omap.0: OMAP-EHCI Host Controller
[    3.101196] ehci-omap ehci-omap.0: new USB bus registered, assigned bus number 1
[    3.115875] ehci-omap ehci-omap.0: irq 109, io mem 0x4a064c00
[    3.127136] ehci-omap ehci-omap.0: USB 2.0 started, EHCI 1.00
[    3.133666] usb usb1: New USB device found, idVendor=1d6b, idProduct=0002
[    3.141265] usb usb1: New USB device strings: Mfr=3, Product=2, SerialNumber=1
[    3.149291] usb usb1: Product: OMAP-EHCI Host Controller
[    3.155303] usb usb1: Manufacturer: Linux 3.0.31+ ehci_hcd
[    3.161407] usb usb1: SerialNumber: ehci-omap.0
[    3.166534] hub 1-0:1.0: USB hub found
[    3.171325] hub 1-0:1.0: 3 ports detected
[    3.213012] usbcore: registered new interface driver cdc_acm
[    3.219543] cdc_acm: USB Abstract Control Model driver for USB modems and ISDN adapters
[    3.219543] Initializing USB Mass Storage driver...
[    3.233917] usbcore: registered new interface driver usb-storage
[    3.240692] USB Mass Storage support registered.
[    3.245910] usbcore: registered new interface driver libusual
[    3.252441] jm20329_platform_init: no device configuration for system_rev 5
[    3.260345] usbcore: registered new interface driver usbserial
[    3.260345] usbserial: USB Serial Driver core
[    3.273712] android_usb gadget: Mass Storage Function, version: 2009/09/11
[    3.281372] android_usb gadget: Number of LUNs=1
[    3.286621]  lun0: LUN: removable file: (no medium)
[    3.292083] android_usb gadget: android_usb ready
[    3.297698] musb-hdrc musb-hdrc: MUSB HDRC host driver
[    3.303466] musb-hdrc musb-hdrc: new USB bus registered, assigned bus number 2
[    3.311614] usb usb2: New USB device found, idVendor=1d6b, idProduct=0002
[    3.319183] usb usb2: New USB device strings: Mfr=3, Product=2, SerialNumber=1
[    3.319183] usb usb2: Product: MUSB HDRC host driver
[    3.332794] usb usb2: Manufacturer: Linux 3.0.31+ musb-hcd
[    3.338958] usb usb2: SerialNumber: musb-hdrc
[    3.338958] hub 2-0:1.0: USB hub found
[    3.338958] hub 2-0:1.0: 1 port detected
[    3.353668] mousedev: PS/2 mouse device common for all mice
[    3.360412] input: gpio-keys as /devices/platform/gpio-keys/input/input0
[    3.360412] usbcore: registered new interface driver xpad
[    3.374694] twl6030_pwrbutton_probe: Enter
[    3.380004] input: twl6030_pwrbutton as /devices/platform/omap/omap_i2c.1/i2c-1/1-0049/twl6030_pwrbutton/input/input1
[    3.393951] Found MMA8453Q accelerometer with ID 0x3A
[    3.405029] input: MMA8453Q Accelerometer as /devices/virtual/input/input2
[    3.412750] i2c-core: driver [mma8453q] using legacy suspend method
[    3.419891] i2c-core: driver [mma8453q] using legacy resume method
[    3.419891] MMA8453Q driver version 0.1 (1 April 2011)
[    3.419891] AKM8975 compass driver: initialize
[    3.438201] input: compass as /devices/virtual/input/input3
[    3.438446] i2c-core: driver [akm8975] using legacy suspend method
[    3.451965] i2c-core: driver [akm8975] using legacy resume method
[    3.462127] using rtc device, twl_rtc, for alarms
[    3.467620] twl_rtc twl_rtc: rtc core: registered twl_rtc as rtc0
[    3.474853] i2c /dev entries driver
[    3.474853] lirc_dev: IR Remote Control driver registered, major 250 
[    3.486755] IR NEC protocol handler initialized
[    3.486755] IR RC5(x) protocol handler initialized
[    3.497222] IR RC6 protocol handler initialized
[    3.502288] IR JVC protocol handler initialized
[    3.502288] IR Sony protocol handler initialized
[    3.512542] IR RC5 (streamzap) protocol handler initialized
[    3.512542] IR LIRC bridge handler initialized
[    3.523742] Linux video capture interface: v2.00
[    3.529144] dmm: probe base: fd300000, irq 145
[    3.529144] tiler_init
[    3.534210] Backtrace: 
[    3.539459] [<c006a4a0>] (dump_backtrace+0x0/0x130) from [<c05a4c00>] (dump_stack+0x18/0x1c)
[    3.539459]  r7:00000000 r6:c05d0290 r5:c0048c2c r4:c083f638
[    3.539459] [<c05a4be8>] (dump_stack+0x0/0x1c) from [<c0039b0c>] (tiler_init+0x40/0x630)
[    3.564849] [<c0039acc>] (tiler_init+0x0/0x630) from [<c0060748>] (do_one_initcall+0xc4/0x1c0)
[    3.574462] [<c0060684>] (do_one_initcall+0x0/0x1c0) from [<c0008bc0>] (kernel_init+0xe0/0x1a0)
[    3.574462] [<c0008ae0>] (kernel_init+0x0/0x1a0) from [<c00b72dc>] (do_exit+0x0/0x688)
[    3.574462]  r6:c00b72dc r5:c0008ae0 r4:00000000 r3:00000000
[    3.599395] class_create(): points to: dd6f5700
[    3.606597] omap_imt_init
[    3.846496] twl6030_bci twl6030_bci: Battery Voltage at Bootup is 4189 mV
[    3.854339] twl6030_bci twl6030_bci: Read 1 as cin_limit, set current to 100
[    3.870025] OMAP Watchdog Timer Rev 0x01: initial timeout 60 sec
[    3.877929] device-mapper: uevent: version 1.0.3
[    3.884002] device-mapper: ioctl: 4.20.0-ioctl (2011-02-02) initialised: dm-devel@redhat.com
[    3.893615] cpuidle: using governor ladder
[    3.898315] cpuidle: using governor menu
[    3.908172] Registered led device: power
[    3.912994] omap_pwm_led omap_pwm_led.0: OMAP PWM LED (lcd-backlight) at GP timer 8/0
[    3.921783] Registered led device: lcd-backlight
[    3.931030] usbcore: registered new interface driver usbhid
[    3.937255] usbhid: USB HID core driver
[    3.941986] logger: created 256K log 'log_main'
[    3.947143] logger: created 256K log 'log_events'
[    3.952575] logger: created 256K log 'log_radio'
[    3.957977] logger: created 256K log 'log_system'
[    3.969055] thermal_sensor_set_temp: no cooling agents for domain cpu
[    3.976348] omap_report_temp:thermal_sensor_set_temp reports error
[    3.983520] omap_temp_sensor omap_temp_sensor.0: omap_ondie_sensor : 'omap_temp_sensor'
[    3.983551] thermal_sensor_set_temp: no cooling agents for domain cpu
[    4.002960] OMAPRPC: Registration of OMAPRPC rpmsg service returned 0!
[    4.011322] usbcore: registered new interface driver snd-usb-audio
[    4.020507] archos_omap4_soc_probe: Archos Device SoC init
[    4.031158] twl6040-codec twl6040-codec: couldn't get VDDHF regulator -19
[    4.064880] mmc0: new high speed MMC card at address 0001
[    4.071868] mmcblk0: mmc0:0001 MMC16G 14.3 GiB 
[    4.078765] asoc: null-codec-dai <-> MultiMedia1 mapping ok
[    4.085144] mmcblk0boot0: mmc0:0001 MMC16G partition 1 128 KiB
[    4.092864] asoc: null-codec-dai <-> MultiMedia2 mapping ok
[    4.099243] mmcblk0boot1: mmc0:0001 MMC16G partition 2 128 KiB
[    4.107391] asoc: null-codec-dai <-> Voice mapping ok
[    4.114532]  mmcblk0: p1 p2 p3 p4
[    4.119903] asoc: null-codec-dai <-> Tones mapping ok
[    4.125640]  mmcblk0boot1: unknown partition table
[    4.132141]  mmcblk0boot0: unknown partition table
[    4.138519] asoc: null-codec-dai <-> Vibra mapping ok
[    4.145172] asoc: null-codec-dai <-> MODEM mapping ok
[    4.152099] asoc: null-codec-dai <-> MultiMedia1 LP mapping ok
[    4.160217] asoc: FM Digital <-> omap-mcbsp-dai.1 mapping ok
[    4.167755] asoc: twl6040-dl1 <-> mcpdm-dl mapping ok
[    4.175415] asoc: dmic-hifi <-> omap-dmic-dai-0 mapping ok
[    4.183166] twl6040-codec twl6040-codec: ASoC: Failed to create Aux/FM Stereo In debugfs file
[    4.193420] asoc: twl6040-dl1 <-> mcpdm-dl1 mapping ok
[    4.201110] asoc: twl6040-ul <-> mcpdm-ul1 mapping ok
[    4.209564] asoc: twl6040-dl2 <-> mcpdm-dl2 mapping ok
[    4.216217] asoc: twl6040-vib <-> mcpdm-vib mapping ok
[    4.225830] asoc: Bluetooth <-> omap-mcbsp-dai.0 mapping ok
[    4.232940] asoc: Bluetooth <-> omap-mcbsp-dai.0 mapping ok
[    4.239929] asoc: FM Digital <-> omap-mcbsp-dai.1 mapping ok
[    4.247100] asoc: MODEM <-> omap-mcbsp-dai.1 mapping ok
[    4.253723] asoc: dmic-hifi <-> omap-dmic-abe-dai-0 mapping ok
[    4.261016] asoc: dmic-hifi <-> omap-dmic-abe-dai-1 mapping ok
[    4.268249] asoc: dmic-hifi <-> omap-dmic-abe-dai-2 mapping ok
[    4.277221] input: ARCHOS-TWL6040 Headset Jack as /devices/platform/soc-audio/sound/card0/input4
[    4.290283] asoc: hdmi-audio-codec <-> hdmi-audio-dai mapping ok
[    4.297485] ALSA device list:
[    4.300872]   #0: Archos Board (TWL6040)
[    4.305328]   #1: OMAP4HDMI
[    4.308624] GACT probability NOT on
[    4.312561] Mirror/redirect action on
[    4.316650] u32 classifier
[    4.319763]     Actions configured
[    4.323608] Netfilter messages via NETLINK v0.30.
[    4.328887] nf_conntrack version 0.5.0 (7214 buckets, 28856 max)
[    4.336730] ctnetlink v0.93: registering with nfnetlink.
[    4.342681] NF_TPROXY: Transparent proxy support initialized, version 4.1.0
[    4.350494] NF_TPROXY: Copyright (c) 2006-2007 BalaBit IT Ltd.
[    4.357421] xt_time: kernel timezone is -0000
[    4.364227] ip_tables: (C) 2000-2006 Netfilter Core Team
[    4.370361] arp_tables: (C) 2002 David S. Miller
[    4.375640] TCP cubic registered
[    4.379974] NET: Registered protocol family 10
[    4.390258] Mobile IPv6
[    4.393157] ip6_tables: (C) 2000-2006 Netfilter Core Team
[    4.399414] IPv6 over IPv4 tunneling driver
[    4.405914] mmc1: host does not support reading read-only switch. assuming write-enable.
[    4.418212] NET: Registered protocol family 17
[    4.423248] NET: Registered protocol family 15
[    4.428283] NET: Registered protocol family 35
[    4.433349] mmc1: new high speed SDHC card at address 0007
[    4.440216] VFP support v0.3: implementor 41 architecture 3 part 30 variant 9 rev 4
[    4.448913] mmcblk1: mmc1:0007 SD16G 14.4 GiB 
[    4.454315] ThumbEE CPU extension supported.
[    4.459136] Registering SWP/SWPB emulation handler
[    4.464599]  mmcblk1: p1
[    4.490600] Reprogramming LPDDR2 timings to 400000000 Hz
[    4.510070] sr_init: No PMIC hook to init smartreflex
[    4.515838] smartreflex smartreflex.0: omap_sr_probe: SmartReflex driver initialized
[    4.533447] smartreflex smartreflex.1: omap_sr_probe: SmartReflex driver initialized
[    4.556854] smartreflex smartreflex.2: omap_sr_probe: SmartReflex driver initialized
[    4.572631] SmartReflex class 1.5 driver: initialized (86400000ms)
[    4.579895] thermal_lookup_temp: pcb is a non existing domain
[    4.586303] omap_cpu_thermal_manager:sensor 40200 avg sensor 0 pcb 
[    4.593353] 0, delta 4688 hot spot 44888
[    4.597991] omap_cpu_thermal_manager: hot spot temp 44888 - going into safe zone
[    4.606231] sr_class1p5_calib_work: mpu: Calibration complete: Voltage Nominal=1380000Calib=1160000 margin=0
[    4.617034] thermal_lookup_temp: pcb is a non existing domain
[    4.623687] sr_class1p5_calib_work: core: Calibration complete: Voltage Nominal=1127000Calib=1050820 margin=13000
[    4.635833] thermal_lookup_temp: pcb is a non existing domain
[    4.643890] thermal_lookup_temp: pcb is a non existing domain
[    4.650299] Power Management for TI OMAP4.
[    4.654846] mmc2: card claims to support voltages below the defined range. These will be ignored.
[    4.664794] OMAP4 PM: Static dependency added between MPUSS and DUCATI <-> L4_PER/CFG and L3_1.
[    4.674407] sr_class1p5_calib_work: iva Stop sampling: Voltage Nominal=950000 samples=1
[    4.683319] sr_class1p5_calib_work: iva: Calibration complete: Voltage Nominal=950000Calib=860920 margin=13000
[    4.701477] clock: disabling unused clocks to save power
[    4.729766] mmc2: queuing unknown CIS tuple 0x91 (3 bytes)
[    4.736633] mmc2: new SDIO card at address 0001
[    4.798217] omapfb_calc_addr:892
[    4.801818] data_start_v=0xf2000000
[    4.805450] rotation_type=0
[    4.808807] cannot apply mgr(lcd) on inactive device
[    4.814605] omapfb omapfb: failed to apply dispc config
[    4.820434] cannot apply mgr(tv) on inactive device
[    4.825927] omapfb omapfb: failed to apply dispc config
[    4.831756] cannot apply mgr(lcd2) on inactive device
[    4.837432] omapfb omapfb: failed to apply dispc config
[    4.846221] panel_enable [xga8]
[    4.963012] thermal_lookup_temp: pcb is a non existing domain
[    4.969329] thermal_lookup_temp: pcb is a non existing domain
[    4.975708] thermal_lookup_temp: pcb is a non existing domain
[    4.982360] omapfb_calc_addr:892
[    4.985931] data_start_v=0xf2000000
[    4.989654] rotation_type=0
[    4.994842] twl_rtc twl_rtc: setting system clock to 2013-04-22 19:59:32 UTC (1366660772)
